Component: ARM Compiler 5.06 update 6 (build 750) Tool: armlink [4d35ed]

==============================================================================

Section Cross References

    main.o(i.init) refers to stm32f4xx_hal.o(i.HAL_Init) for HAL_Init
    main.o(i.init) refers to sys.o(i.SystemClock_Config) for SystemClock_Config
    main.o(i.init) refers to key.o(i.KEY_Init) for KEY_Init
    main.o(i.init) refers to uart.o(i.MX_USART1_UART_Init) for MX_USART1_UART_Init
    main.o(i.init) refers to dac.o(i.MX_DAC_Init) for MX_DAC_Init
    main.o(i.init) refers to dac.o(i.dac_value_set) for dac_value_set
    main.o(i.init) refers to delay.o(i.Delay_5ms) for Delay_5ms
    main.o(i.init) refers to ad9959.o(i.AD9959_Init) for AD9959_Init
    main.o(i.init) refers to uart.o(i.Signal_Init) for Signal_Init
    main.o(i.main) refers to main.o(i.init) for init
    main.o(i.main) refers to main.o(i.signal_setting) for signal_setting
    main.o(i.main) refers to main.o(i.screen_Init) for screen_Init
    main.o(i.main) refers to stm32f4xx_hal_uart.o(i.HAL_UART_Receive_IT) for HAL_UART_Receive_IT
    main.o(i.main) refers to screen.o(i.UART1_Rx_Proc) for UART1_Rx_Proc
    main.o(i.main) refers to key.o(i.key_proc) for key_proc
    main.o(i.main) refers to screen.o(.data) for Rx_data
    main.o(i.main) refers to uart.o(.bss) for huart1
    main.o(i.screen_Init) refers to printf1.o(i.__0printf$1) for __2printf
    main.o(i.screen_Init) refers to uart.o(.bss) for Signal
    main.o(i.signal_setting) refers to ad9959.o(i.cw_set_frequency) for cw_set_frequency
    main.o(i.signal_setting) refers to ad9959.o(i.cw_set_amptitude) for cw_set_amptitude
    main.o(i.signal_setting) refers to ad9959.o(i.mw_set_frequency) for mw_set_frequency
    main.o(i.signal_setting) refers to ad9959.o(i.mw_am_param) for mw_am_param
    main.o(i.signal_setting) refers to ad9959.o(i.phase_setting) for phase_setting
    main.o(i.signal_setting) refers to ad9959.o(i.IO_Update) for IO_Update
    stm32f4xx_it.o(i.SysTick_Handler) refers to stm32f4xx_hal.o(i.HAL_IncTick) for HAL_IncTick
    stm32f4xx_it.o(i.USART1_IRQHandler) refers to stm32f4xx_hal_uart.o(i.HAL_UART_IRQHandler) for HAL_UART_IRQHandler
    stm32f4xx_it.o(i.USART1_IRQHandler) refers to uart.o(.bss) for huart1
    sys.o(i.SystemClock_Config) refers to memseta.o(.text) for __aeabi_memclr4
    sys.o(i.SystemClock_Config) refers to stm32f4xx_hal_rcc.o(i.HAL_RCC_OscConfig) for HAL_RCC_OscConfig
    sys.o(i.SystemClock_Config) refers to stm32f4xx_hal_rcc.o(i.HAL_RCC_ClockConfig) for HAL_RCC_ClockConfig
    key.o(i.KEY_Init) refers to memseta.o(.text) for __aeabi_memclr4
    key.o(i.KEY_Init) refers to stm32f4xx_hal_gpio.o(i.HAL_GPIO_Init) for HAL_GPIO_Init
    key.o(i.key_proc) refers to key.o(i.key_scan) for key_scan
    key.o(i.key_proc) refers to stm32f4xx_hal_gpio.o(i.HAL_GPIO_TogglePin) for HAL_GPIO_TogglePin
    key.o(i.key_proc) refers to f2d.o(.text) for __aeabi_f2d
    key.o(i.key_proc) refers to dadd.o(.text) for __aeabi_dadd
    key.o(i.key_proc) refers to d2f.o(.text) for __aeabi_d2f
    key.o(i.key_proc) refers to ad9959.o(i.AD9959_Set_Amp) for AD9959_Set_Amp
    key.o(i.key_proc) refers to ad9959.o(i.IO_Update) for IO_Update
    key.o(i.key_proc) refers to stm32f4xx_hal.o(.data) for uwTick
    key.o(i.key_proc) refers to key.o(.data) for .data
    key.o(i.key_proc) refers to ad9959.o(.data) for amplification_param2
    key.o(i.key_proc) refers to uart.o(.bss) for Signal
    key.o(i.key_scan) refers to stm32f4xx_hal_gpio.o(i.HAL_GPIO_ReadPin) for HAL_GPIO_ReadPin
    uart.o(i.HAL_UART_MspInit) refers to memseta.o(.text) for __aeabi_memclr4
    uart.o(i.HAL_UART_MspInit) refers to stm32f4xx_hal_gpio.o(i.HAL_GPIO_Init) for HAL_GPIO_Init
    uart.o(i.HAL_UART_MspInit) refers to stm32f4xx_hal_cortex.o(i.HAL_NVIC_SetPriority) for HAL_NVIC_SetPriority
    uart.o(i.HAL_UART_MspInit) refers to stm32f4xx_hal_cortex.o(i.HAL_NVIC_EnableIRQ) for HAL_NVIC_EnableIRQ
    uart.o(i.MX_USART1_UART_Init) refers to stm32f4xx_hal_uart.o(i.HAL_UART_Init) for HAL_UART_Init
    uart.o(i.MX_USART1_UART_Init) refers to sys.o(i.Error_Handler) for Error_Handler
    uart.o(i.MX_USART1_UART_Init) refers to uart.o(.bss) for .bss
    uart.o(i.Signal_Init) refers to uart.o(.bss) for .bss
    dac.o(i.HAL_DAC_MspInit) refers to memseta.o(.text) for __aeabi_memclr4
    dac.o(i.HAL_DAC_MspInit) refers to stm32f4xx_hal_gpio.o(i.HAL_GPIO_Init) for HAL_GPIO_Init
    dac.o(i.MX_DAC_Init) refers to stm32f4xx_hal_dac.o(i.HAL_DAC_Init) for HAL_DAC_Init
    dac.o(i.MX_DAC_Init) refers to sys.o(i.Error_Handler) for Error_Handler
    dac.o(i.MX_DAC_Init) refers to stm32f4xx_hal_dac.o(i.HAL_DAC_ConfigChannel) for HAL_DAC_ConfigChannel
    dac.o(i.MX_DAC_Init) refers to dac.o(.bss) for .bss
    dac.o(i.dac_value_set) refers to stm32f4xx_hal_dac.o(i.HAL_DAC_SetValue) for HAL_DAC_SetValue
    dac.o(i.dac_value_set) refers to stm32f4xx_hal_dac.o(i.HAL_DAC_Start) for HAL_DAC_Start
[...]
    Removing stm32f4xx_hal_adc.o(i.ADC_DMAError), (22 bytes).
    Removing stm32f4xx_hal_adc.o(i.ADC_DMAHalfConvCplt), (10 bytes).
    Removing stm32f4xx_hal_adc.o(i.ADC_Init), (296 bytes).
    Removing stm32f4xx_hal_adc.o(i.HAL_ADC_AnalogWDGConfig), (112 bytes).
    Removing stm32f4xx_hal_adc.o(i.HAL_ADC_ConfigChannel), (332 bytes).
    Removing stm32f4xx_hal_adc.o(i.HAL_ADC_ConvCpltCallback), (2 bytes).
    Removing stm32f4xx_hal_adc.o(i.HAL_ADC_ConvHalfCpltCallback), (2 bytes).
    Removing stm32f4xx_hal_adc.o(i.HAL_ADC_DeInit), (60 bytes).
    Removing stm32f4xx_hal_adc.o(i.HAL_ADC_ErrorCallback), (2 bytes).
    Removing stm32f4xx_hal_adc.o(i.HAL_ADC_GetError), (4 bytes).
    Removing stm32f4xx_hal_adc.o(i.HAL_ADC_GetState), (4 bytes).
    Removing stm32f4xx_hal_adc.o(i.HAL_ADC_GetValue), (6 bytes).
    Removing stm32f4xx_hal_adc.o(i.HAL_ADC_IRQHandler), (316 bytes).
    Removing stm32f4xx_hal_adc.o(i.HAL_ADC_Init), (84 bytes).
    Removing stm32f4xx_hal_adc.o(i.HAL_ADC_LevelOutOfWindowCallback), (2 bytes).
    Removing stm32f4xx_hal_adc.o(i.HAL_ADC_MspDeInit), (2 bytes).
    Removing stm32f4xx_hal_adc.o(i.HAL_ADC_MspInit), (2 bytes).
    Removing stm32f4xx_hal_adc.o(i.HAL_ADC_PollForConversion), (162 bytes).
    Removing stm32f4xx_hal_adc.o(i.HAL_ADC_PollForEvent), (108 bytes).
    Removing stm32f4xx_hal_adc.o(i.HAL_ADC_Start), (236 bytes).
    Removing stm32f4xx_hal_adc.o(i.HAL_ADC_Start_DMA), (304 bytes).
    Removing stm32f4xx_hal_adc.o(i.HAL_ADC_Start_IT), (248 bytes).
    Removing stm32f4xx_hal_adc.o(i.HAL_ADC_Stop), (60 bytes).
    Removing stm32f4xx_hal_adc.o(i.HAL_ADC_Stop_DMA), (88 bytes).
    Removing stm32f4xx_hal_adc.o(i.HAL_ADC_Stop_IT), (72 bytes).
    Removing stm32f4xx_hal_adc_ex.o(.rev16_text), (4 bytes).
    Removing stm32f4xx_hal_adc_ex.o(.revsh_text), (4 bytes).
    Removing stm32f4xx_hal_adc_ex.o(.rrx_text), (6 bytes).
    Removing stm32f4xx_hal_adc_ex.o(i.ADC_MultiModeDMAConvCplt), (90 bytes).
    Removing stm32f4xx_hal_adc_ex.o(i.ADC_MultiModeDMAError), (18 bytes).
    Removing stm32f4xx_hal_adc_ex.o(i.ADC_MultiModeDMAHalfConvCplt), (6 bytes).
    Removing stm32f4xx_hal_adc_ex.o(i.HAL_ADCEx_InjectedConfigChannel), (444 bytes).
    Removing stm32f4xx_hal_adc_ex.o(i.HAL_ADCEx_InjectedConvCpltCallback), (2 bytes).
    Removing stm32f4xx_hal_adc_ex.o(i.HAL_ADCEx_InjectedGetValue), (58 bytes).
    Removing stm32f4xx_hal_adc_ex.o(i.HAL_ADCEx_InjectedPollForConversion), (136 bytes).
    Removing stm32f4xx_hal_adc_ex.o(i.HAL_ADCEx_InjectedStart), (196 bytes).
    Removing stm32f4xx_hal_adc_ex.o(i.HAL_ADCEx_InjectedStart_IT), (204 bytes).
    Removing stm32f4xx_hal_adc_ex.o(i.HAL_ADCEx_InjectedStop), (86 bytes).
    Removing stm32f4xx_hal_adc_ex.o(i.HAL_ADCEx_InjectedStop_IT), (94 bytes).
    Removing stm32f4xx_hal_adc_ex.o(i.HAL_ADCEx_MultiModeConfigChannel), (84 bytes).
    Removing stm32f4xx_hal_adc_ex.o(i.HAL_ADCEx_MultiModeGetValue), (12 bytes).
    Removing stm32f4xx_hal_adc_ex.o(i.HAL_ADCEx_MultiModeStart_DMA), (252 bytes).
    Removing stm32f4xx_hal_adc_ex.o(i.HAL_ADCEx_MultiModeStop_DMA), (96 bytes).
    Removing stm32f4xx_hal_dac.o(.rev16_text), (4 bytes).
    Removing stm32f4xx_hal_dac.o(.revsh_text), (4 bytes).
    Removing stm32f4xx_hal_dac.o(.rrx_text), (6 bytes).
    Removing stm32f4xx_hal_dac.o(i.DAC_DMAConvCpltCh1), (16 bytes).
    Removing stm32f4xx_hal_dac.o(i.DAC_DMAErrorCh1), (24 bytes).
    Removing stm32f4xx_hal_dac.o(i.DAC_DMAHalfConvCpltCh1), (10 bytes).
    Removing stm32f4xx_hal_dac.o(i.HAL_DAC_ConvCpltCallbackCh1), (2 bytes).
    Removing stm32f4xx_hal_dac.o(i.HAL_DAC_ConvHalfCpltCallbackCh1), (2 bytes).
    Removing stm32f4xx_hal_dac.o(i.HAL_DAC_DMAUnderrunCallbackCh1), (2 bytes).
    Removing stm32f4xx_hal_dac.o(i.HAL_DAC_DeInit), (30 bytes).
    Removing stm32f4xx_hal_dac.o(i.HAL_DAC_ErrorCallbackCh1), (2 bytes).
    Removing stm32f4xx_hal_dac.o(i.HAL_DAC_GetError), (4 bytes).
    Removing stm32f4xx_hal_dac.o(i.HAL_DAC_GetState), (4 bytes).
    Removing stm32f4xx_hal_dac.o(i.HAL_DAC_GetValue), (12 bytes).
    Removing stm32f4xx_hal_dac.o(i.HAL_DAC_IRQHandler), (92 bytes).
    Removing stm32f4xx_hal_dac.o(i.HAL_DAC_MspDeInit), (2 bytes).
    Removing stm32f4xx_hal_dac.o(i.HAL_DAC_MspInit), (2 bytes).
    Removing stm32f4xx_hal_dac.o(i.HAL_DAC_Start_DMA), (256 bytes).
    Removing stm32f4xx_hal_dac.o(i.HAL_DAC_Stop), (22 bytes).
    Removing stm32f4xx_hal_dac.o(i.HAL_DAC_Stop_DMA), (56 bytes).
    Removing stm32f4xx_hal_dac_ex.o(.rev16_text), (4 bytes).
    Removing stm32f4xx_hal_dac_ex.o(.revsh_text), (4 bytes).
    Removing stm32f4xx_hal_dac_ex.o(.rrx_text), (6 bytes).
    Removing stm32f4xx_hal_dac_ex.o(i.DAC_DMAConvCpltCh2), (16 bytes).
    Removing stm32f4xx_hal_dac_ex.o(i.DAC_DMAErrorCh2), (24 bytes).
    Removing stm32f4xx_hal_dac_ex.o(i.DAC_DMAHalfConvCpltCh2), (10 bytes).
    Removing stm32f4xx_hal_dac_ex.o(i.HAL_DACEx_ConvCpltCallbackCh2), (2 bytes).
    Removing stm32f4xx_hal_dac_ex.o(i.HAL_DACEx_ConvHalfCpltCallbackCh2), (2 bytes).
    Removing stm32f4xx_hal_dac_ex.o(i.HAL_DACEx_DMAUnderrunCallbackCh2), (2 bytes).
    Removing stm32f4xx_hal_dac_ex.o(i.HAL_DACEx_DualGetValue), (12 bytes).
    Removing stm32f4xx_hal_dac_ex.o(i.HAL_DACEx_DualSetValue), (24 bytes).
    Removing stm32f4xx_hal_dac_ex.o(i.HAL_DACEx_ErrorCallbackCh2), (2 bytes).
    Removing stm32f4xx_hal_dac_ex.o(i.HAL_DACEx_NoiseWaveGenerate), (52 bytes).
    Removing stm32f4xx_hal_dac_ex.o(i.HAL_DACEx_TriangleWaveGenerate), (52 bytes).
    Removing startup_stm32f407xx.o(HEAP), (512 bytes).
    Removing system_stm32f4xx.o(.rev16_text), (4 bytes).
    Removing system_stm32f4xx.o(.revsh_text), (4 bytes).
    Removing system_stm32f4xx.o(.rrx_text), (6 bytes).
    Removing system_stm32f4xx.o(i.SystemCoreClockUpdate), (120 bytes).
    Removing dneg.o(.text), (6 bytes).
    Removing dfixul.o(.text), (48 bytes).
    Removing cdcmple.o(.text), (48 bytes).

456 unused section(s) (total 54328 bytes) removed from the image.

==============================================================================

Image Symbol Table

    Local Symbols

    Symbol Name                              Value     Ov Type        Size  Object(Section)

    ../clib/microlib/division.c              0x00000000   Number         0  uldiv.o ABSOLUTE
    ../clib/microlib/division.c              0x00000000   Number         0  uidiv.o ABSOLUTE
    ../clib/microlib/errno.c                 0x00000000   Number         0  errno.o ABSOLUTE
    ../clib/microlib/init/entry.s            0x00000000   Number         0  entry7a.o ABSOLUTE
    ../clib/microlib/init/entry.s            0x00000000   Number         0  entry9b.o ABSOLUTE
    ../clib/microlib/init/entry.s            0x00000000   Number         0  entry10a.o ABSOLUTE
    ../clib/microlib/init/entry.s            0x00000000   Number         0  entry8b.o ABSOLUTE
    ../clib/microlib/init/entry.s            0x00000000   Number         0  entry8a.o ABSOLUTE
    ../clib/microlib/init/entry.s            0x00000000   Number         0  entry11b.o ABSOLUTE
    ../clib/microlib/init/entry.s            0x00000000   Number         0  entry7b.o ABSOLUTE
    ../clib/microlib/init/entry.s            0x00000000   Number         0  entry10b.o ABSOLUTE
    ../clib/microlib/init/entry.s            0x00000000   Number         0  entry11a.o ABSOLUTE
    ../clib/microlib/init/entry.s            0x00000000   Number         0  entry.o ABSOLUTE
    ../clib/microlib/init/entry.s            0x00000000   Number         0  entry9a.o ABSOLUTE
    ../clib/microlib/init/entry.s            0x00000000   Number         0  entry2.o ABSOLUTE
    ../clib/microlib/init/entry.s            0x00000000   Number         0  entry5.o ABSOLUTE
    ../clib/microlib/longlong.c              0x00000000   Number         0  llushr.o ABSOLUTE
    ../clib/microlib/longlong.c              0x00000000   Number         0  llshl.o ABSOLUTE
    ../clib/microlib/longlong.c              0x00000000   Number         0  llsshr.o ABSOLUTE
    ../clib/microlib/printf/printf.c         0x00000000   Number         0  printf0.o ABSOLUTE
    ../clib/microlib/printf/printf.c         0x00000000   Number         0  printfb.o ABSOLUTE
    ../clib/microlib/printf/printf.c         0x00000000   Number         0  printfa.o ABSOLUTE
    ../clib/microlib/printf/printf.c         0x00000000   Number         0  printf8.o ABSOLUTE
    ../clib/microlib/printf/printf.c         0x00000000   Number         0  printf7.o ABSOLUTE
    ../clib/microlib/printf/printf.c         0x00000000   Number         0  printf6.o ABSOLUTE
    ../clib/microlib/printf/printf.c         0x00000000   Number         0  printf5.o ABSOLUTE
    ../clib/microlib/printf/printf.c         0x00000000   Number         0  printf3.o ABSOLUTE
    ../clib/microlib/printf/printf.c         0x00000000   Number         0  printf2.o ABSOLUTE
    ../clib/microlib/printf/printf.c         0x00000000   Number         0  printf4.o ABSOLUTE
    ../clib/microlib/printf/printf.c         0x00000000   Number         0  printf1.o ABSOLUTE
    ../clib/microlib/printf/stubs.s          0x00000000   Number         0  stubs.o ABSOLUTE
    ../clib/microlib/stdio/streams.c         0x00000000   Number         0  stdout.o ABSOLUTE
    ../clib/microlib/string/memset.c         0x00000000   Number         0  memseta.o ABSOLUTE
    ../clib/microlib/stubs.s                 0x00000000   Number         0  iusefp.o ABSOLUTE
    ../fplib/microlib/d2f.c                  0x00000000   Number         0  d2f.o ABSOLUTE
    ../fplib/microlib/f2d.c                  0x00000000   Number         0  f2d.o ABSOLUTE
    ../fplib/microlib/fpadd.c                0x00000000   Number         0  dadd.o ABSOLUTE
    ../fplib/microlib/fpdiv.c                0x00000000   Number         0  ddiv.o ABSOLUTE
    ../fplib/microlib/fpepilogue.c           0x00000000   Number         0  fepilogue.o ABSOLUTE
    ../fplib/microlib/fpepilogue.c           0x00000000   Number         0  depilogue.o ABSOLUTE
    ../fplib/microlib/fpfix.c                0x00000000   Number         0  dfixul.o ABSOLUTE
    ../fplib/microlib/fpfix.c                0x00000000   Number         0  dfixi.o ABSOLUTE
    ../fplib/microlib/fpfix.c                0x00000000   Number         0  dfixui.o ABSOLUTE
    ../fplib/microlib/fpflt.c                0x00000000   Number         0  dfltui.o ABSOLUTE
    ../fplib/microlib/fpflt.c                0x00000000   Number         0  dflti.o ABSOLUTE
    ../fplib/microlib/fpmul.c                0x00000000   Number         0  dmul.o ABSOLUTE
    ../fplib/microlib/fpneg.c                0x00000000   Number         0  dneg.o ABSOLUTE
    ../fplib/microlib/fpscalb.c              0x00000000   Number         0  dscalb.o ABSOLUTE
    ../fplib/microlib/fpsqrt.c               0x00000000   Number         0  dsqrt.o ABSOLUTE
    ../mathlib/cos.c                         0x00000000   Number         0  cos.o ABSOLUTE
    ../mathlib/cos.c                         0x00000000   Number         0  cos_x.o ABSOLUTE
    ../mathlib/cos_i.c                       0x00000000   Number         0  cos_i.o ABSOLUTE
    ../mathlib/dunder.c                      0x00000000   Number         0  dunder.o ABSOLUTE
    ../mathlib/fabs.c                        0x00000000   Number         0  fabs.o ABSOLUTE
    ../mathlib/fpclassify.c                  0x00000000   Number         0  fpclassify.o ABSOLUTE
    ../mathlib/poly.c                        0x00000000   Number         0  poly.o ABSOLUTE
    ../mathlib/pow.c                         0x00000000   Number         0  pow_x.o ABSOLUTE
    ../mathlib/pow.c                         0x00000000   Number         0  pow.o ABSOLUTE
    ../mathlib/qnan.c                        0x00000000   Number         0  qnan.o ABSOLUTE
    ../mathlib/rred.c                        0x00000000   Number         0  rred.o ABSOLUTE
    ../mathlib/sin_i.c                       0x00000000   Number         0  sin_i.o ABSOLUTE
    ../mathlib/sin_i.c                       0x00000000   Number         0  sin_i_x.o ABSOLUTE
    ../mathlib/sqrt.c                        0x00000000   Number         0  sqrt_x.o ABSOLUTE
    ../mathlib/sqrt.c                        0x00000000   Number         0  sqrt.o ABSOLUTE
    ..\\core\\src\\Delay.c                   0x00000000   Number         0  delay.o ABSOLUTE
    ..\\core\\src\\dac.c                     0x00000000   Number         0  dac.o ABSOLUTE
    ..\\core\\src\\dma.c                     0x00000000   Number         0  dma.o ABSOLUTE
    ..\\core\\src\\key.c                     0x00000000   Number         0  key.o ABSOLUTE
    ..\\core\\src\\sys.c                     0x00000000   Number         0  sys.o ABSOLUTE
    ..\\core\\src\\timer.c                   0x00000000   Number         0  timer.o ABSOLUTE
    ..\\core\\src\\uart.c                    0x00000000   Number         0  uart.o ABSOLUTE
    ..\\hardware\\src\\AD9854.c              0x00000000   Number         0  ad9854.o ABSOLUTE
    ..\\hardware\\src\\AD9910.c              0x00000000   Number         0  ad9910.o ABSOLUTE
    ..\\hardware\\src\\AD9959.c              0x00000000   Number         0  ad9959.o ABSOLUTE
    ..\\hardware\\src\\TLV5618.c             0x00000000   Number         0  tlv5618.o ABSOLUTE
    ..\\hardware\\src\\screen.c              0x00000000   Number         0  screen.o ABSOLUTE
    ..\\source\\Src\\main.c                  0x00000000   Number         0  main.o ABSOLUTE
    ..\\source\\Src\\stm32f4xx_hal_msp.c     0x00000000   Number         0  stm32f4xx_hal_msp.o ABSOLUTE
    ..\\source\\Src\\stm32f4xx_it.c          0x00000000   Number         0  stm32f4xx_it.o ABSOLUTE
    ..\\source\\Src\\system_stm32f4xx.c      0x00000000   Number         0  system_stm32f4xx.o ABSOLUTE
    ..\core\src\Delay.c                      0x00000000   Number         0  delay.o ABSOLUTE
    ..\core\src\dac.c                        0x00000000   Number         0  dac.o ABSOLUTE
    ..\core\src\dma.c                        0x00000000   Number         0  dma.o ABSOLUTE
    ..\core\src\key.c                        0x00000000   Number         0  key.o ABSOLUTE
    ..\core\src\sys.c                        0x00000000   Number         0  sys.o ABSOLUTE
    ..\core\src\timer.c                      0x00000000   Number         0  timer.o ABSOLUTE
    ..\core\src\uart.c                       0x00000000   Number         0  uart.o ABSOLUTE
    ..\hardware\src\AD9854.c                 0x00000000   Number         0  ad9854.o ABSOLUTE
    ..\hardware\src\AD9910.c                 0x00000000   Number         0  ad9910.o ABSOLUTE
    ..\hardware\src\AD9959.c                 0x00000000   Number         0  ad9959.o ABSOLUTE
    ..\hardware\src\TLV5618.c                0x00000000   Number         0  tlv5618.o ABSOLUTE
    ..\hardware\src\screen.c                 0x00000000   Number         0  screen.o ABSOLUTE
    ..\source\Src\main.c                     0x00000000   Number         0  main.o ABSOLUTE
    ..\source\Src\stm32f4xx_hal_msp.c        0x00000000   Number         0  stm32f4xx_hal_msp.o ABSOLUTE
    ..\source\Src\stm32f4xx_it.c             0x00000000   Number         0  stm32f4xx_it.o ABSOLUTE
    ..\source\Src\system_stm32f4xx.c         0x00000000   Number         0  system_stm32f4xx.o ABSOLUTE
    C:/Users/86153/STM32Cube/Repository/STM32Cube_FW_F4_V1.25.2/Drivers/STM32F4xx_HAL_Driver/Src/stm32f4xx_hal.c 0x00000000   Number         0  stm32f4xx_hal.o ABSOLUTE
    C:/Users/86153/STM32Cube/Repository/STM32Cube_FW_F4_V1.25.2/Drivers/STM32F4xx_HAL_Driver/Src/stm32f4xx_hal_cortex.c 0x00000000   Number         0  stm32f4xx_hal_cortex.o ABSOLUTE
    C:/Users/86153/STM32Cube/Repository/STM32Cube_FW_F4_V1.25.2/Drivers/STM32F4xx_HAL_Driver/Src/stm32f4xx_hal_dma.c 0x00000000   Number         0  stm32f4xx_hal_dma.o ABSOLUTE
    C:/Users/86153/STM32Cube/Repository/STM32Cube_FW_F4_V1.25.2/Drivers/STM32F4xx_HAL_Driver/Src/stm32f4xx_hal_dma_ex.c 0x00000000   Number         0  stm32f4xx_hal_dma_ex.o ABSOLUTE
    C:/Users/86153/STM32Cube/Repository/STM32Cube_FW_F4_V1.25.2/Drivers/STM32F4xx_HAL_Driver/Src/stm32f4xx_hal_exti.c 0x00000000   Number         0  stm32f4xx_hal_exti.o ABSOLUTE
    C:/Users/86153/STM32Cube/Repository/STM32Cube_FW_F4_V1.25.2/Drivers/STM32F4xx_HAL_Driver/Src/stm32f4xx_hal_flash.c 0x00000000   Number         0  stm32f4xx_hal_flash.o ABSOLUTE
    C:/Users/86153/STM32Cube/Repository/STM32Cube_FW_F4_V1.25.2/Drivers/STM32F4xx_HAL_Driver/Src/stm32f4xx_hal_flash_ex.c 0x00000000   Number         0  stm32f4xx_hal_flash_ex.o ABSOLUTE
    C:/Users/86153/STM32Cube/Repository/STM32Cube_FW_F4_V1.25.2/Drivers/STM32F4xx_HAL_Driver/Src/stm32f4xx_hal_flash_ramfunc.c 0x00000000   Number         0  stm32f4xx_hal_flash_ramfunc.o ABSOLUTE
    C:/Users/86153/STM32Cube/Repository/STM32Cube_FW_F4_V1.25.2/Drivers/STM32F4xx_HAL_Driver/Src/stm32f4xx_hal_gpio.c 0x00000000   Number         0  stm32f4xx_hal_gpio.o ABSOLUTE
    C:/Users/86153/STM32Cube/Repository/STM32Cube_FW_F4_V1.25.2/Drivers/STM32F4xx_HAL_Driver/Src/stm32f4xx_hal_pwr.c 0x00000000   Number         0  stm32f4xx_hal_pwr.o ABSOLUTE
    C:/Users/86153/STM32Cube/Repository/STM32Cube_FW_F4_V1.25.2/Drivers/STM32F4xx_HAL_Driver/Src/stm32f4xx_hal_pwr_ex.c 0x00000000   Number         0  stm32f4xx_hal_pwr_ex.o ABSOLUTE
    C:/Users/86153/STM32Cube/Repository/STM32Cube_FW_F4_V1.25.2/Drivers/STM32F4xx_HAL_Driver/Src/stm32f4xx_hal_rcc.c 0x00000000   Number         0  stm32f4xx_hal_rcc.o ABSOLUTE
    C:/Users/86153/STM32Cube/Repository/STM32Cube_FW_F4_V1.25.2/Drivers/STM32F4xx_HAL_Driver/Src/stm32f4xx_hal_rcc_ex.c 0x00000000   Number         0  stm32f4xx_hal_rcc_ex.o ABSOLUTE
    C:/Users/86153/STM32Cube/Repository/STM32Cube_FW_F4_V1.25.2/Drivers/STM32F4xx_HAL_Driver/Src/stm32f4xx_hal_tim.c 0x00000000   Number         0  stm32f4xx_hal_tim.o ABSOLUTE
    C:/Users/86153/STM32Cube/Repository/STM32Cube_FW_F4_V1.25.2/Drivers/STM32F4xx_HAL_Driver/Src/stm32f4xx_hal_tim_ex.c 0x00000000   Number         0  stm32f4xx_hal_tim_ex.o ABSOLUTE
    C:\Users\86153\STM32Cube\Repository\STM32Cube_FW_F4_V1.25.2\Drivers\STM32F4xx_HAL_Driver\Src\stm32f4xx_hal.c 0x00000000   Number         0  stm32f4xx_hal.o ABSOLUTE
    C:\Users\86153\STM32Cube\Repository\STM32Cube_FW_F4_V1.25.2\Drivers\STM32F4xx_HAL_Driver\Src\stm32f4xx_hal_adc.c 0x00000000   Number         0  stm32f4xx_hal_adc.o ABSOLUTE
    C:\Users\86153\STM32Cube\Repository\STM32Cube_FW_F4_V1.25.2\Drivers\STM32F4xx_HAL_Driver\Src\stm32f4xx_hal_adc_ex.c 0x00000000   Number         0  stm32f4xx_hal_adc_ex.o ABSOLUTE
    C:\Users\86153\STM32Cube\Repository\STM32Cube_FW_F4_V1.25.2\Drivers\STM32F4xx_HAL_Driver\Src\stm32f4xx_hal_cortex.c 0x00000000   Number         0  stm32f4xx_hal_cortex.o ABSOLUTE
    C:\Users\86153\STM32Cube\Repository\STM32Cube_FW_F4_V1.25.2\Drivers\STM32F4xx_HAL_Driver\Src\stm32f4xx_hal_dac.c 0x00000000   Number         0  stm32f4xx_hal_dac.o ABSOLUTE
    C:\Users\86153\STM32Cube\Repository\STM32Cube_FW_F4_V1.25.2\Drivers\STM32F4xx_HAL_Driver\Src\stm32f4xx_hal_dac_ex.c 0x00000000   Number         0  stm32f4xx_hal_dac_ex.o ABSOLUTE
    C:\Users\86153\STM32Cube\Repository\STM32Cube_FW_F4_V1.25.2\Drivers\STM32F4xx_HAL_Driver\Src\stm32f4xx_hal_dma.c 0x00000000   Number         0  stm32f4xx_hal_dma.o ABSOLUTE
    C:\Users\86153\STM32Cube\Repository\STM32Cube_FW_F4_V1.25.2\Drivers\STM32F4xx_HAL_Driver\Src\stm32f4xx_hal_dma_ex.c 0x00000000   Number         0  stm32f4xx_hal_dma_ex.o ABSOLUTE
    C:\Users\86153\STM32Cube\Repository\STM32Cube_FW_F4_V1.25.2\Drivers\STM32F4xx_HAL_Driver\Src\stm32f4xx_hal_exti.c 0x00000000   Number         0  stm32f4xx_hal_exti.o ABSOLUTE
    C:\Users\86153\STM32Cube\Repository\STM32Cube_FW_F4_V1.25.2\Drivers\STM32F4xx_HAL_Driver\Src\stm32f4xx_hal_flash.c 0x00000000   Number         0  stm32f4xx_hal_flash.o ABSOLUTE
    C:\Users\86153\STM32Cube\Repository\STM32Cube_FW_F4_V1.25.2\Drivers\STM32F4xx_HAL_Driver\Src\stm32f4xx_hal_flash_ex.c 0x00000000   Number         0  stm32f4xx_hal_flash_ex.o ABSOLUTE
    C:\Users\86153\STM32Cube\Repository\STM32Cube_FW_F4_V1.25.2\Drivers\STM32F4xx_HAL_Driver\Src\stm32f4xx_hal_flash_ramfunc.c 0x00000000   Number         0  stm32f4xx_hal_flash_ramfunc.o ABSOLUTE
    C:\Users\86153\STM32Cube\Repository\STM32Cube_FW_F4_V1.25.2\Drivers\STM32F4xx_HAL_Driver\Src\stm32f4xx_hal_gpio.c 0x00000000   Number         0  stm32f4xx_hal_gpio.o ABSOLUTE
    C:\Users\86153\STM32Cube\Repository\STM32Cube_FW_F4_V1.25.2\Drivers\STM32F4xx_HAL_Driver\Src\stm32f4xx_hal_pwr.c 0x00000000   Number         0  stm32f4xx_hal_pwr.o ABSOLUTE
    C:\Users\86153\STM32Cube\Repository\STM32Cube_FW_F4_V1.25.2\Drivers\STM32F4xx_HAL_Driver\Src\stm32f4xx_hal_pwr_ex.c 0x00000000   Number         0  stm32f4xx_hal_pwr_ex.o ABSOLUTE
    C:\Users\86153\STM32Cube\Repository\STM32Cube_FW_F4_V1.25.2\Drivers\STM32F4xx_HAL_Driver\Src\stm32f4xx_hal_rcc.c 0x00000000   Number         0  stm32f4xx_hal_rcc.o ABSOLUTE
    C:\Users\86153\STM32Cube\Repository\STM32Cube_FW_F4_V1.25.2\Drivers\STM32F4xx_HAL_Driver\Src\stm32f4xx_hal_rcc_ex.c 0x00000000   Number         0  stm32f4xx_hal_rcc_ex.o ABSOLUTE
    C:\Users\86153\STM32Cube\Repository\STM32Cube_FW_F4_V1.25.2\Drivers\STM32F4xx_HAL_Driver\Src\stm32f4xx_hal_tim.c 0x00000000   Number         0  stm32f4xx_hal_tim.o ABSOLUTE
    C:\Users\86153\STM32Cube\Repository\STM32Cube_FW_F4_V1.25.2\Drivers\STM32F4xx_HAL_Driver\Src\stm32f4xx_hal_tim_ex.c 0x00000000   Number         0  stm32f4xx_hal_tim_ex.o ABSOLUTE
    C:\Users\86153\STM32Cube\Repository\STM32Cube_FW_F4_V1.25.2\Drivers\STM32F4xx_HAL_Driver\Src\stm32f4xx_hal_uart.c 0x00000000   Number         0  stm32f4xx_hal_uart.o ABSOLUTE
    C:\\Users\\86153\\STM32Cube\\Repository\\STM32Cube_FW_F4_V1.25.2\\Drivers\\STM32F4xx_HAL_Driver\\Src\\stm32f4xx_hal_adc.c 0x00000000   Number         0  stm32f4xx_hal_adc.o ABSOLUTE
    C:\\Users\\86153\\STM32Cube\\Repository\\STM32Cube_FW_F4_V1.25.2\\Drivers\\STM32F4xx_HAL_Driver\\Src\\stm32f4xx_hal_adc_ex.c 0x00000000   Number         0  stm32f4xx_hal_adc_ex.o ABSOLUTE
    C:\\Users\\86153\\STM32Cube\\Repository\\STM32Cube_FW_F4_V1.25.2\\Drivers\\STM32F4xx_HAL_Driver\\Src\\stm32f4xx_hal_dac.c 0x00000000   Number         0  stm32f4xx_hal_dac.o ABSOLUTE
    C:\\Users\\86153\\STM32Cube\\Repository\\STM32Cube_FW_F4_V1.25.2\\Drivers\\STM32F4xx_HAL_Driver\\Src\\stm32f4xx_hal_dac_ex.c 0x00000000   Number         0  stm32f4xx_hal_dac_ex.o ABSOLUTE
    C:\\Users\\86153\\STM32Cube\\Repository\\STM32Cube_FW_F4_V1.25.2\\Drivers\\STM32F4xx_HAL_Driver\\Src\\stm32f4xx_hal_uart.c 0x00000000   Number         0  stm32f4xx_hal_uart.o ABSOLUTE
    cdcmple.s                                0x00000000   Number         0  cdcmple.o ABSOLUTE
    cdrcmple.s                               0x00000000   Number         0  cdrcmple.o ABSOLUTE
    dc.s                                     0x00000000   Number         0  dc.o ABSOLUTE
    handlers.s                               0x00000000   Number         0  handlers.o ABSOLUTE
    init.s                                   0x00000000   Number         0  init.o ABSOLUTE
    startup_stm32f407xx.s                    0x00000000   Number         0  startup_stm32f407xx.o ABSOLUTE
    RESET                                    0x08000000   Section      392  startup_stm32f407xx.o(RESET)
    .ARM.Collect$$$$00000000                 0x08000188   Section        0  entry.o(.ARM.Collect$$$$00000000)
    .ARM.Collect$$$$00000001                 0x08000188   Section        4  entry2.o(.ARM.Collect$$$$00000001)
    .ARM.Collect$$$$00000004                 0x0800018c   Section        4  entry5.o(.ARM.Collect$$$$00000004)
    .ARM.Collect$$$$00000008                 0x08000190   Section        0  entry7b.o(.ARM.Collect$$$$00000008)
    .ARM.Collect$$$$0000000A                 0x08000190   Section        0  entry8b.o(.ARM.Collect$$$$0000000A)
    .ARM.Collect$$$$0000000B                 0x08000190   Section        8  entry9a.o(.ARM.Collect$$$$0000000B)
    .ARM.Collect$$$$0000000D                 0x08000198   Section        0  entry10a.o(.ARM.Collect$$$$0000000D)
    .ARM.Collect$$$$0000000F                 0x08000198   Section        0  entry11a.o(.ARM.Collect$$$$0000000F)
    .ARM.Collect$$$$00002712                 0x08000198   Section        4  entry2.o(.ARM.Collect$$$$00002712)
    __lit__00000000                          0x08000198   Data           4  entry2.o(.ARM.Collect$$$$00002712)
    .text                                    0x0800019c   Section       36  startup_stm32f407xx.o(.text)
    $v0                                      0x0800019c   Number         0  startup_stm32f407xx.o(.text)
    .text                                    0x080001c0   Section        0  uldiv.o(.text)
    .text                                    0x08000222   Section        0  memseta.o(.text)
    .text                                    0x08000246   Section        0  dadd.o(.text)
    .text                                    0x08000394   Section        0  dmul.o(.text)
    .text                                    0x08000478   Section        0  ddiv.o(.text)
    .text                                    0x08000556   Section        0  dfltui.o(.text)
    .text                                    0x08000570   Section        0  dfixi.o(.text)
    .text                                    0x080005ae   Section        0  dfixui.o(.text)
    .text                                    0x080005e0   Section        0  f2d.o(.text)
    .text                                    0x08000606   Section        0  d2f.o(.text)
    .text                                    0x0800063e   Section        0  uidiv.o(.text)
    .text                                    0x0800066a   Section        0  llshl.o(.text)
    .text                                    0x08000688   Section        0  llushr.o(.text)
    .text                                    0x080006a8   Section        0  llsshr.o(.text)
    .text                                    0x080006cc   Section        0  fepilogue.o(.text)
    .text                                    0x080006cc   Section        0  iusefp.o(.text)
    .text                                    0x0800073a   Section        0  depilogue.o(.text)
    .text                                    0x080007f4   Section        0  dscalb.o(.text)
    .text                                    0x08000822   Section        0  dflti.o(.text)
    .text                                    0x08000844   Section       48  cdrcmple.o(.text)
    .text                                    0x08000874   Section       36  init.o(.text)
    .text                                    0x08000898   Section        0  dsqrt.o(.text)
    i.AD9959_Init                            0x0800093c   Section        0  ad9959.o(i.AD9959_Init)
    i.AD9959_Set_Amp                         0x08000a08   Section        0  ad9959.o(i.AD9959_Set_Amp)
    i.AD9959_Set_Fre                         0x08000a26   Section        0  ad9959.o(i.AD9959_Set_Fre)
    i.AD9959_Set_Phase                       0x08000a44   Section        0  ad9959.o(i.AD9959_Set_Phase)
    i.AD9959_WriteData                       0x08000a64   Section        0  ad9959.o(i.AD9959_WriteData)
    i.BusFault_Handler                       0x08000b24   Section        0  stm32f4xx_it.o(i.BusFault_Handler)
    i.DebugMon_Handler                       0x08000b26   Section        0  stm32f4xx_it.o(i.DebugMon_Handler)
    i.Delay_5ms                              0x08000b28   Section        0  delay.o(i.Delay_5ms)
    i.Error_Handler                          0x08000b4a   Section        0  sys.o(i.Error_Handler)
    i.HAL_DAC_ConfigChannel                  0x08000b4c   Section        0  stm32f4xx_hal_dac.o(i.HAL_DAC_ConfigChannel)
    i.HAL_DAC_Init                           0x08000b8e   Section        0  stm32f4xx_hal_dac.o(i.HAL_DAC_Init)
    i.HAL_DAC_MspInit                        0x08000bb8   Section        0  dac.o(i.HAL_DAC_MspInit)
    i.HAL_DAC_SetValue                       0x08000c18   Section        0  stm32f4xx_hal_dac.o(i.HAL_DAC_SetValue)
    i.HAL_DAC_Start                          0x08000c32   Section        0  stm32f4xx_hal_dac.o(i.HAL_DAC_Start)
    i.HAL_DMA_Abort_IT                       0x08000c9e   Section        0  stm32f4xx_hal_dma.o(i.HAL_DMA_Abort_IT)
    i.HAL_GPIO_Init                          0x08000cc4   Section        0  stm32f4xx_hal_gpio.o(i.HAL_GPIO_Init)
    i.HAL_GPIO_ReadPin                       0x08000e7c   Section        0  stm32f4xx_hal_gpio.o(i.HAL_GPIO_ReadPin)
    i.HAL_GPIO_TogglePin                     0x08000e86   Section        0  stm32f4xx_hal_gpio.o(i.HAL_GPIO_TogglePin)
    i.HAL_GPIO_WritePin                      0x08000e94   Section        0  stm32f4xx_hal_gpio.o(i.HAL_GPIO_WritePin)
    i.HAL_GetTick                            0x08000ea0   Section        0  stm32f4xx_hal.o(i.HAL_GetTick)
    i.HAL_IncTick                            0x08000eac   Section        0  stm32f4xx_hal.o(i.HAL_IncTick)
    i.HAL_Init                               0x08000ebc   Section        0  stm32f4xx_hal.o(i.HAL_Init)
    i.HAL_InitTick                           0x08000ef0   Section        0  stm32f4xx_hal.o(i.HAL_InitTick)
    i.HAL_MspInit                            0x08000f30   Section        0  stm32f4xx_hal_msp.o(i.HAL_MspInit)
    i.HAL_NVIC_EnableIRQ                     0x08000f60   Section        0  stm32f4xx_hal_cortex.o(i.HAL_NVIC_EnableIRQ)
    i.HAL_NVIC_SetPriority                   0x08000f7c   Section        0  stm32f4xx_hal_cortex.o(i.HAL_NVIC_SetPriority)
    i.HAL_NVIC_SetPriorityGrouping           0x08000fbc   Section        0  stm32f4xx_hal_cortex.o(i.HAL_NVIC_SetPriorityGrouping)
    i.HAL_RCC_ClockConfig                    0x08000fe0   Section        0  stm32f4xx_hal_rcc.o(i.HAL_RCC_ClockConfig)
    i.HAL_RCC_GetPCLK1Freq                   0x08001114   Section        0  stm32f4xx_hal_rcc.o(i.HAL_RCC_GetPCLK1Freq)
    i.HAL_RCC_GetPCLK2Freq                   0x08001134   Section        0  stm32f4xx_hal_rcc.o(i.HAL_RCC_GetPCLK2Freq)
    i.HAL_RCC_GetSysClockFreq                0x08001154   Section        0  stm32f4xx_hal_rcc.o(i.HAL_RCC_GetSysClockFreq)
    i.HAL_RCC_OscConfig                      0x080011b4   Section        0  stm32f4xx_hal_rcc.o(i.HAL_RCC_OscConfig)
    i.HAL_SYSTICK_Config                     0x08001510   Section        0  stm32f4xx_hal_cortex.o(i.HAL_SYSTICK_Config)
    i.HAL_UART_ErrorCallback                 0x08001538   Section        0  stm32f4xx_hal_uart.o(i.HAL_UART_ErrorCallback)
    i.HAL_UART_IRQHandler                    0x0800153c   Section        0  stm32f4xx_hal_uart.o(i.HAL_UART_IRQHandler)
    i.HAL_UART_Init                          0x08001650   Section        0  stm32f4xx_hal_uart.o(i.HAL_UART_Init)
    i.HAL_UART_MspInit                       0x080016b4   Section        0  uart.o(i.HAL_UART_MspInit)
    i.HAL_UART_Receive_IT                    0x08001730   Section        0  stm32f4xx_hal_uart.o(i.HAL_UART_Receive_IT)
    i.HAL_UART_RxCpltCallback                0x08001784   Section        0  screen.o(i.HAL_UART_RxCpltCallback)
    i.HAL_UART_Transmit                      0x080017b4   Section        0  stm32f4xx_hal_uart.o(i.HAL_UART_Transmit)
    i.HAL_UART_TxCpltCallback                0x0800186e   Section        0  stm32f4xx_hal_uart.o(i.HAL_UART_TxCpltCallback)
    i.HardFault_Handler                      0x08001870   Section        0  stm32f4xx_it.o(i.HardFault_Handler)
    i.IO_Update                              0x08001874   Section        0  ad9959.o(i.IO_Update)
    i.IntReset                               0x080018ac   Section        0  ad9959.o(i.IntReset)
    i.Intserve                               0x080018e8   Section        0  ad9959.o(i.Intserve)
    i.KEY_Init                               0x08001984   Section        0  key.o(i.KEY_Init)
    i.MX_DAC_Init                            0x080019ec   Section        0  dac.o(i.MX_DAC_Init)
    i.MX_USART1_UART_Init                    0x08001a38   Section        0  uart.o(i.MX_USART1_UART_Init)
    i.MemManage_Handler                      0x08001a70   Section        0  stm32f4xx_it.o(i.MemManage_Handler)
    i.NMI_Handler                            0x08001a72   Section        0  stm32f4xx_it.o(i.NMI_Handler)
    i.PendSV_Handler                         0x08001a74   Section        0  stm32f4xx_it.o(i.PendSV_Handler)
    i.SVC_Handler                            0x08001a76   Section        0  stm32f4xx_it.o(i.SVC_Handler)
    i.Signal_Init                            0x08001a78   Section        0  uart.o(i.Signal_Init)
    i.SysTick_Handler                        0x08001a9c   Section        0  stm32f4xx_it.o(i.SysTick_Handler)
    i.SystemClock_Config                     0x08001aa0   Section        0  sys.o(i.SystemClock_Config)
    i.SystemInit                             0x08001b24   Section        0  system_stm32f4xx.o(i.SystemInit)
    i.UART1_Rx_Proc                          0x08001b40   Section        0  screen.o(i.UART1_Rx_Proc)
    i.UART_DMAAbortOnError                   0x08001d78   Section        0  stm32f4xx_hal_uart.o(i.UART_DMAAbortOnError)
    UART_DMAAbortOnError                     0x08001d79   Thumb Code    16  stm32f4xx_hal_uart.o(i.UART_DMAAbortOnError)
    i.UART_EndRxTransfer                     0x08001d88   Section        0  stm32f4xx_hal_uart.o(i.UART_EndRxTransfer)
    UART_EndRxTransfer                       0x08001d89   Thumb Code    28  stm32f4xx_hal_uart.o(i.UART_EndRxTransfer)
    i.UART_Receive_IT                        0x08001da4   Section        0  stm32f4xx_hal_uart.o(i.UART_Receive_IT)
    UART_Receive_IT                          0x08001da5   Thumb Code   150  stm32f4xx_hal_uart.o(i.UART_Receive_IT)
    i.UART_SetConfig                         0x08001e3c   Section        0  stm32f4xx_hal_uart.o(i.UART_SetConfig)
    UART_SetConfig                           0x08001e3d   Thumb Code   286  stm32f4xx_hal_uart.o(i.UART_SetConfig)
    i.UART_Transmit_IT                       0x08001f64   Section        0  stm32f4xx_hal_uart.o(i.UART_Transmit_IT)
    UART_Transmit_IT                         0x08001f65   Thumb Code    98  stm32f4xx_hal_uart.o(i.UART_Transmit_IT)
    i.UART_WaitOnFlagUntilTimeout            0x08001fc6   Section        0  stm32f4xx_hal_uart.o(i.UART_WaitOnFlagUntilTimeout)
    UART_WaitOnFlagUntilTimeout              0x08001fc7   Thumb Code   100  stm32f4xx_hal_uart.o(i.UART_WaitOnFlagUntilTimeout)
    i.USART1_IRQHandler                      0x0800202c   Section        0  stm32f4xx_it.o(i.USART1_IRQHandler)
    i.UsageFault_Handler                     0x08002038   Section        0  stm32f4xx_it.o(i.UsageFault_Handler)
    i.Write_ACR                              0x0800203a   Section        0  ad9959.o(i.Write_ACR)
    i.Write_CFTW0                            0x0800205c   Section        0  ad9959.o(i.Write_CFTW0)
    i.Write_CPOW0                            0x080020a8   Section        0  ad9959.o(i.Write_CPOW0)
    i.__0printf$1                            0x080020c4   Section        0  printf1.o(i.__0printf$1)
    i.__ARM_fpclassify                       0x080020e4   Section        0  fpclassify.o(i.__ARM_fpclassify)
    i.__NVIC_SetPriority                     0x08002114   Section        0  stm32f4xx_hal_cortex.o(i.__NVIC_SetPriority)
    __NVIC_SetPriority                       0x08002115   Thumb Code    32  stm32f4xx_hal_cortex.o(i.__NVIC_SetPriority)
    i.__hardfp_pow                           0x08002138   Section        0  pow.o(i.__hardfp_pow)
    i.__kernel_poly                          0x08002d88   Section        0  poly.o(i.__kernel_poly)
    i.__mathlib_dbl_divzero                  0x08002e80   Section        0  dunder.o(i.__mathlib_dbl_divzero)
    i.__mathlib_dbl_infnan2                  0x08002eb0   Section        0  dunder.o(i.__mathlib_dbl_infnan2)
    i.__mathlib_dbl_invalid                  0x08002ec8   Section        0  dunder.o(i.__mathlib_dbl_invalid)
    i.__mathlib_dbl_overflow                 0x08002ee8   Section        0  dunder.o(i.__mathlib_dbl_overflow)
    i.__mathlib_dbl_underflow                0x08002f08   Section        0  dunder.o(i.__mathlib_dbl_underflow)
    i.__scatterload_copy                     0x08002f28   Section       14  handlers.o(i.__scatterload_copy)
    i.__scatterload_null                     0x08002f36   Section        2  handlers.o(i.__scatterload_null)
    i.__scatterload_zeroinit                 0x08002f38   Section       14  handlers.o(i.__scatterload_zeroinit)
    i.__set_errno                            0x08002f48   Section        0  errno.o(i.__set_errno)
    i._printf_core                           0x08002f54   Section        0  printf1.o(i._printf_core)
    _printf_core                             0x08002f55   Thumb Code   336  printf1.o(i._printf_core)
    i.cw_set_amptitude                       0x080030a8   Section        0  ad9959.o(i.cw_set_amptitude)
    i.cw_set_frequency                       0x08003214   Section        0  ad9959.o(i.cw_set_frequency)
    i.dac_value_set                          0x08003230   Section        0  dac.o(i.dac_value_set)
    i.delay1                                 0x08003264   Section        0  ad9959.o(i.delay1)
    i.fabs                                   0x08003270   Section        0  fabs.o(i.fabs)
    i.fputc                                  0x08003288   Section        0  screen.o(i.fputc)
    i.init                                   0x080032a0   Section        0  main.o(i.init)
    i.key_proc                               0x080032cc   Section        0  key.o(i.key_proc)
    i.key_scan                               0x080033c0   Section        0  key.o(i.key_scan)
    i.main                                   0x080033e8   Section        0  main.o(i.main)
    i.mw_am_param                            0x08003414   Section        0  ad9959.o(i.mw_am_param)
    i.mw_set_frequency                       0x08003468   Section        0  ad9959.o(i.mw_set_frequency)
    i.phase_setting                          0x08003484   Section        0  ad9959.o(i.phase_setting)
    i.screen_Init                            0x080035b4   Section        0  main.o(i.screen_Init)
    i.signal_setting                         0x08003690   Section        0  main.o(i.signal_setting)
    i.sqrt                                   0x080036ae   Section        0  sqrt.o(i.sqrt)
    .constdata                               0x0800371c   Section       16  system_stm32f4xx.o(.constdata)
    .constdata                               0x0800372c   Section        8  system_stm32f4xx.o(.constdata)
    .constdata                               0x08003738   Section      136  pow.o(.constdata)
    bp                                       0x08003738   Data          16  pow.o(.constdata)
    dp_h                                     0x08003748   Data          16  pow.o(.constdata)
    dp_l                                     0x08003758   Data          16  pow.o(.constdata)
    L                                        0x08003768   Data          48  pow.o(.constdata)
    P                                        0x08003798   Data          40  pow.o(.constdata)
    .constdata                               0x080037c0   Section        8  qnan.o(.constdata)
    .data                                    0x20000000   Section        8  key.o(.data)
    .data                                    0x20000008   Section       32  ad9959.o(.data)
    .data                                    0x20000028   Section        4  screen.o(.data)
    .data                                    0x2000002c   Section       12  stm32f4xx_hal.o(.data)
    .data                                    0x20000038   Section        4  system_stm32f4xx.o(.data)
    .data                                    0x2000003c   Section        4  stdout.o(.data)
    .data                                    0x20000040   Section        4  errno.o(.data)
    _errno                                   0x20000040   Data           4  errno.o(.data)
    .bss                                     0x20000044   Section       80  uart.o(.bss)
    .bss                                     0x20000094   Section       20  dac.o(.bss)
    STACK                                    0x200000a8   Section     1024  startup_stm32f407xx.o(STACK)

    Global Symbols

    Symbol Name                              Value     Ov Type        Size  Object(Section)

    BuildAttributes$$THM_ISAv4$E$P$D$K$B$S$7EM$VFPi3$EXTD16$VFPS$VFMA$PE$A:L22UL41UL21$X:L11$S22US41US21$IEEE1$IW$USESV6$~STKCKD$USESV7$~SHL$OTIME$ROPI$IEEEX$EBA8$MICROLIB$REQ8$PRES8$EABIv2 0x00000000   Number         0  anon$$obj.o ABSOLUTE
    __ARM_use_no_argv                        0x00000000   Number         0  main.o ABSOLUTE
    _printf_a                                0x00000000   Number         0  stubs.o ABSOLUTE
    _printf_c                                0x00000000   Number         0  stubs.o ABSOLUTE
    _printf_charcount                        0x00000000   Number         0  stubs.o ABSOLUTE
    _printf_d                                0x00000000   Number         0  stubs.o ABSOLUTE
    _printf_e                                0x00000000   Number         0  stubs.o ABSOLUTE
    _printf_f                                0x00000000   Number         0  stubs.o ABSOLUTE
    _printf_flags                            0x00000000   Number         0  stubs.o ABSOLUTE
    _printf_fp_dec                           0x00000000   Number         0  stubs.o ABSOLUTE
    _printf_fp_hex                           0x00000000   Number         0  stubs.o ABSOLUTE
    _printf_g                                0x00000000   Number         0  stubs.o ABSOLUTE
    _printf_i                                0x00000000   Number         0  stubs.o ABSOLUTE
    _printf_int_dec                          0x00000000   Number         0  stubs.o ABSOLUTE
    _printf_l                                0x00000000   Number         0  stubs.o ABSOLUTE
    _printf_lc                               0x00000000   Number         0  stubs.o ABSOLUTE
    _printf_ll                               0x00000000   Number         0  stubs.o ABSOLUTE
    _printf_lld                              0x00000000   Number         0  stubs.o ABSOLUTE
    _printf_lli                              0x00000000   Number         0  stubs.o ABSOLUTE
    _printf_llo                              0x00000000   Number         0  stubs.o ABSOLUTE
    _printf_llu                              0x00000000   Number         0  stubs.o ABSOLUTE
    _printf_llx                              0x00000000   Number         0  stubs.o ABSOLUTE
    _printf_longlong_dec                     0x00000000   Number         0  stubs.o ABSOLUTE
    _printf_longlong_hex                     0x00000000   Number         0  stubs.o ABSOLUTE
    _printf_longlong_oct                     0x00000000   Number         0  stubs.o ABSOLUTE
    _printf_ls                               0x00000000   Number         0  stubs.o ABSOLUTE
    _printf_mbtowc                           0x00000000   Number         0  stubs.o ABSOLUTE
    _printf_n                                0x00000000   Number         0  stubs.o ABSOLUTE
    _printf_o                                0x00000000   Number         0  stubs.o ABSOLUTE
    _printf_p                                0x00000000   Number         0  stubs.o ABSOLUTE
    _printf_percent                          0x00000000   Number         0  stubs.o ABSOLUTE
    _printf_pre_padding                      0x00000000   Number         0  stubs.o ABSOLUTE
    _printf_return_value                     0x00000000   Number         0  stubs.o ABSOLUTE
    _printf_s                                0x00000000   Number         0  stubs.o ABSOLUTE
    _printf_sizespec                         0x00000000   Number         0  stubs.o ABSOLUTE
    _printf_str                              0x00000000   Number         0  stubs.o ABSOLUTE
    _printf_truncate_signed                  0x00000000   Number         0  stubs.o ABSOLUTE
    _printf_truncate_unsigned                0x00000000   Number         0  stubs.o ABSOLUTE
    _printf_u                                0x00000000   Number         0  stubs.o ABSOLUTE
    _printf_wc                               0x00000000   Number         0  stubs.o ABSOLUTE
    _printf_wctomb                           0x00000000   Number         0  stubs.o ABSOLUTE
    _printf_widthprec                        0x00000000   Number         0  stubs.o ABSOLUTE
    _printf_x                                0x00000000   Number         0  stubs.o ABSOLUTE
    __cpp_initialize__aeabi_                  - Undefined Weak Reference
    __cxa_finalize                            - Undefined Weak Reference
    __decompress                              - Undefined Weak Reference
    _clock_init                               - Undefined Weak Reference
    _microlib_exit                            - Undefined Weak Reference
    __Vectors_Size                           0x00000188   Number         0  startup_stm32f407xx.o ABSOLUTE
    __Vectors                                0x08000000   Data           4  startup_stm32f407xx.o(RESET)
    __Vectors_End                            0x08000188   Data           0  startup_stm32f407xx.o(RESET)
    __main                                   0x08000189   Thumb Code     0  entry.o(.ARM.Collect$$$$00000000)
    _main_stk                                0x08000189   Thumb Code     0  entry2.o(.ARM.Collect$$$$00000001)
    _main_scatterload                        0x0800018d   Thumb Code     0  entry5.o(.ARM.Collect$$$$00000004)
    __main_after_scatterload                 0x08000191   Thumb Code     0  entry5.o(.ARM.Collect$$$$00000004)
    _main_clock                              0x08000191   Thumb Code     0  entry7b.o(.ARM.Collect$$$$00000008)
    _main_cpp_init                           0x08000191   Thumb Code     0  entry8b.o(.ARM.Collect$$$$0000000A)
    _main_init                               0x08000191   Thumb Code     0  entry9a.o(.ARM.Collect$$$$0000000B)
    __rt_final_cpp                           0x08000199   Thumb Code     0  entry10a.o(.ARM.Collect$$$$0000000D)
    __rt_final_exit                          0x08000199   Thumb Code     0  entry11a.o(.ARM.Collect$$$$0000000F)
    Reset_Handler                            0x0800019d   Thumb Code     8  startup_stm32f407xx.o(.text)
    ADC_IRQHandler                           0x080001b7   Thumb Code     0  startup_stm32f407xx.o(.text)
    CAN1_RX0_IRQHandler                      0x080001b7   Thumb Code     0  startup_stm32f407xx.o(.text)
    CAN1_RX1_IRQHandler                      0x080001b7   Thumb Code     0  startup_stm32f407xx.o(.text)
    CAN1_SCE_IRQHandler                      0x080001b7   Thumb Code     0  startup_stm32f407xx.o(.text)
    CAN1_TX_IRQHandler                       0x080001b7   Thumb Code     0  startup_stm32f407xx.o(.text)
    CAN2_RX0_IRQHandler                      0x080001b7   Thumb Code     0  startup_stm32f407xx.o(.text)
    CAN2_RX1_IRQHandler                      0x080001b7   Thumb Code     0  startup_stm32f407xx.o(.text)
    CAN2_SCE_IRQHandler                      0x080001b7   Thumb Code     0  startup_stm32f407xx.o(.text)
    CAN2_TX_IRQHandler                       0x080001b7   Thumb Code     0  startup_stm32f407xx.o(.text)
    DCMI_IRQHandler                          0x080001b7   Thumb Code     0  startup_stm32f407xx.o(.text)
    DMA1_Stream0_IRQHandler                  0x080001b7   Thumb Code     0  startup_stm32f407xx.o(.text)
    DMA1_Stream1_IRQHandler                  0x080001b7   Thumb Code     0  startup_stm32f407xx.o(.text)
    DMA1_Stream2_IRQHandler                  0x080001b7   Thumb Code     0  startup_stm32f407xx.o(.text)
    DMA1_Stream3_IRQHandler                  0x080001b7   Thumb Code     0  startup_stm32f407xx.o(.text)
    DMA1_Stream4_IRQHandler                  0x080001b7   Thumb Code     0  startup_stm32f407xx.o(.text)
    DMA1_Stream5_IRQHandler                  0x080001b7   Thumb Code     0  startup_stm32f407xx.o(.text)
    DMA1_Stream6_IRQHandler                  0x080001b7   Thumb Code     0  startup_stm32f407xx.o(.text)
    DMA1_Stream7_IRQHandler                  0x080001b7   Thumb Code     0  startup_stm32f407xx.o(.text)
    DMA2_Stream0_IRQHandler                  0x080001b7   Thumb Code     0  startup_stm32f407xx.o(.text)
    DMA2_Stream1_IRQHandler                  0x080001b7   Thumb Code     0  startup_stm32f407xx.o(.text)
    DMA2_Stream2_IRQHandler                  0x080001b7   Thumb Code     0  startup_stm32f407xx.o(.text)
    DMA2_Stream3_IRQHandler                  0x080001b7   Thumb Code     0  startup_stm32f407xx.o(.text)
    DMA2_Stream4_IRQHandler                  0x080001b7   Thumb Code     0  startup_stm32f407xx.o(.text)
    DMA2_Stream5_IRQHandler                  0x080001b7   Thumb Code     0  startup_stm32f407xx.o(.text)
    DMA2_Stream6_IRQHandler                  0x080001b7   Thumb Code     0  startup_stm32f407xx.o(.text)
    DMA2_Stream7_IRQHandler                  0x080001b7   Thumb Code     0  startup_stm32f407xx.o(.text)
    ETH_IRQHandler                           0x080001b7   Thumb Code     0  startup_stm32f407xx.o(.text)
    ETH_WKUP_IRQHandler                      0x080001b7   Thumb Code     0  startup_stm32f407xx.o(.text)
    EXTI0_IRQHandler                         0x080001b7   Thumb Code     0  startup_stm32f407xx.o(.text)
    EXTI15_10_IRQHandler                     0x080001b7   Thumb Code     0  startup_stm32f407xx.o(.text)
    EXTI1_IRQHandler                         0x080001b7   Thumb Code     0  startup_stm32f407xx.o(.text)
    EXTI2_IRQHandler                         0x080001b7   Thumb Code     0  startup_stm32f407xx.o(.text)
    EXTI3_IRQHandler                         0x080001b7   Thumb Code     0  startup_stm32f407xx.o(.text)
    EXTI4_IRQHandler                         0x080001b7   Thumb Code     0  startup_stm32f407xx.o(.text)
    EXTI9_5_IRQHandler                       0x080001b7   Thumb Code     0  startup_stm32f407xx.o(.text)
    FLASH_IRQHandler                         0x080001b7   Thumb Code     0  startup_stm32f407xx.o(.text)
    FMC_IRQHandler                           0x080001b7   Thumb Code     0  startup_stm32f407xx.o(.text)
    FPU_IRQHandler                           0x080001b7   Thumb Code     0  startup_stm32f407xx.o(.text)
    HASH_RNG_IRQHandler                      0x080001b7   Thumb Code     0  startup_stm32f407xx.o(.text)
    I2C1_ER_IRQHandler                       0x080001b7   Thumb Code     0  startup_stm32f407xx.o(.text)
    I2C1_EV_IRQHandler                       0x080001b7   Thumb Code     0  startup_stm32f407xx.o(.text)
    I2C2_ER_IRQHandler                       0x080001b7   Thumb Code     0  startup_stm32f407xx.o(.text)
    I2C2_EV_IRQHandler                       0x080001b7   Thumb Code     0  startup_stm32f407xx.o(.text)
    I2C3_ER_IRQHandler                       0x080001b7   Thumb Code     0  startup_stm32f407xx.o(.text)
    I2C3_EV_IRQHandler                       0x080001b7   Thumb Code     0  startup_stm32f407xx.o(.text)
    OTG_FS_IRQHandler                        0x080001b7   Thumb Code     0  startup_stm32f407xx.o(.text)
    OTG_FS_WKUP_IRQHandler                   0x080001b7   Thumb Code     0  startup_stm32f407xx.o(.text)
    OTG_HS_EP1_IN_IRQHandler                 0x080001b7   Thumb Code     0  startup_stm32f407xx.o(.text)
    OTG_HS_EP1_OUT_IRQHandler                0x080001b7   Thumb Code     0  startup_stm32f407xx.o(.text)
    OTG_HS_IRQHandler                        0x080001b7   Thumb Code     0  startup_stm32f407xx.o(.text)
    OTG_HS_WKUP_IRQHandler                   0x080001b7   Thumb Code     0  startup_stm32f407xx.o(.text)
    PVD_IRQHandler                           0x080001b7   Thumb Code     0  startup_stm32f407xx.o(.text)
    RCC_IRQHandler                           0x080001b7   Thumb Code     0  startup_stm32f407xx.o(.text)
    RTC_Alarm_IRQHandler                     0x080001b7   Thumb Code     0  startup_stm32f407xx.o(.text)
    RTC_WKUP_IRQHandler                      0x080001b7   Thumb Code     0  startup_stm32f407xx.o(.text)
    SDIO_IRQHandler                          0x080001b7   Thumb Code     0  startup_stm32f407xx.o(.text)
    SPI1_IRQHandler                          0x080001b7   Thumb Code     0  startup_stm32f407xx.o(.text)
    SPI2_IRQHandler                          0x080001b7   Thumb Code     0  startup_stm32f407xx.o(.text)
    SPI3_IRQHandler                          0x080001b7   Thumb Code     0  startup_stm32f407xx.o(.text)
    TAMP_STAMP_IRQHandler                    0x080001b7   Thumb Code     0  startup_stm32f407xx.o(.text)
    TIM1_BRK_TIM9_IRQHandler                 0x080001b7   Thumb Code     0  startup_stm32f407xx.o(.text)
    TIM1_CC_IRQHandler                       0x080001b7   Thumb Code     0  startup_stm32f407xx.o(.text)
    TIM1_TRG_COM_TIM11_IRQHandler            0x080001b7   Thumb Code     0  startup_stm32f407xx.o(.text)
    TIM1_UP_TIM10_IRQHandler                 0x080001b7   Thumb Code     0  startup_stm32f407xx.o(.text)
    TIM2_IRQHandler                          0x080001b7   Thumb Code     0  startup_stm32f407xx.o(.text)
    TIM3_IRQHandler                          0x080001b7   Thumb Code     0  startup_stm32f407xx.o(.text)
    TIM4_IRQHandler                          0x080001b7   Thumb Code     0  startup_stm32f407xx.o(.text)
    TIM5_IRQHandler                          0x080001b7   Thumb Code     0  startup_stm32f407xx.o(.text)
    TIM6_DAC_IRQHandler                      0x080001b7   Thumb Code     0  startup_stm32f407xx.o(.text)
    TIM7_IRQHandler                          0x080001b7   Thumb Code     0  startup_stm32f407xx.o(.text)
    TIM8_BRK_TIM12_IRQHandler                0x080001b7   Thumb Code     0  startup_stm32f407xx.o(.text)
    TIM8_CC_IRQHandler                       0x080001b7   Thumb Code     0  startup_stm32f407xx.o(.text)
    TIM8_TRG_COM_TIM14_IRQHandler            0x080001b7   Thumb Code     0  startup_stm32f407xx.o(.text)
    TIM8_UP_TIM13_IRQHandler                 0x080001b7   Thumb Code     0  startup_stm32f407xx.o(.text)
    UART4_IRQHandler                         0x080001b7   Thumb Code     0  startup_stm32f407xx.o(.text)
    UART5_IRQHandler                         0x080001b7   Thumb Code     0  startup_stm32f407xx.o(.text)
    USART2_IRQHandler                        0x080001b7   Thumb Code     0  startup_stm32f407xx.o(.text)
    USART3_IRQHandler                        0x080001b7   Thumb Code     0  startup_stm32f407xx.o(.text)
    USART6_IRQHandler                        0x080001b7   Thumb Code     0  startup_stm32f407xx.o(.text)
    WWDG_IRQHandler                          0x080001b7   Thumb Code     0  startup_stm32f407xx.o(.text)
    __aeabi_uldivmod                         0x080001c1   Thumb Code    98  uldiv.o(.text)
    __aeabi_memset                           0x08000223   Thumb Code    14  memseta.o(.text)
    __aeabi_memset4                          0x08000223   Thumb Code     0  memseta.o(.text)
    __aeabi_memset8                          0x08000223   Thumb Code     0  memseta.o(.text)
    __aeabi_memclr                           0x08000231   Thumb Code     4  memseta.o(.text)
    __aeabi_memclr4                          0x08000231   Thumb Code     0  memseta.o(.text)
    __aeabi_memclr8                          0x08000231   Thumb Code     0  memseta.o(.text)
    _memset$wrapper                          0x08000235   Thumb Code    18  memseta.o(.text)
    __aeabi_dadd                             0x08000247   Thumb Code   322  dadd.o(.text)
    __aeabi_dsub                             0x08000389   Thumb Code     6  dadd.o(.text)
    __aeabi_drsub                            0x0800038f   Thumb Code     6  dadd.o(.text)
    __aeabi_dmul                             0x08000395   Thumb Code   228  dmul.o(.text)
    __aeabi_ddiv                             0x08000479   Thumb Code   222  ddiv.o(.text)
    __aeabi_ui2d                             0x08000557   Thumb Code    26  dfltui.o(.text)
    __aeabi_d2iz                             0x08000571   Thumb Code    62  dfixi.o(.text)
    __aeabi_d2uiz                            0x080005af   Thumb Code    50  dfixui.o(.text)
    __aeabi_f2d                              0x080005e1   Thumb Code    38  f2d.o(.text)
    __aeabi_d2f                              0x08000607   Thumb Code    56  d2f.o(.text)
    __aeabi_uidiv                            0x0800063f   Thumb Code     0  uidiv.o(.text)
    __aeabi_uidivmod                         0x0800063f   Thumb Code    44  uidiv.o(.text)
    __aeabi_llsl                             0x0800066b   Thumb Code    30  llshl.o(.text)
    _ll_shift_l                              0x0800066b   Thumb Code     0  llshl.o(.text)
    __aeabi_llsr                             0x08000689   Thumb Code    32  llushr.o(.text)
    _ll_ushift_r                             0x08000689   Thumb Code     0  llushr.o(.text)
    __aeabi_lasr                             0x080006a9   Thumb Code    36  llsshr.o(.text)
    _ll_sshift_r                             0x080006a9   Thumb Code     0  llsshr.o(.text)
    __I$use$fp                               0x080006cd   Thumb Code     0  iusefp.o(.text)
    _float_round                             0x080006cd   Thumb Code    18  fepilogue.o(.text)
    _float_epilogue                          0x080006df   Thumb Code    92  fepilogue.o(.text)
    _double_round                            0x0800073b   Thumb Code    30  depilogue.o(.text)
    _double_epilogue                         0x08000759   Thumb Code   156  depilogue.o(.text)
    __ARM_scalbn                             0x080007f5   Thumb Code    46  dscalb.o(.text)
    scalbn                                   0x080007f5   Thumb Code     0  dscalb.o(.text)
    __aeabi_i2d                              0x08000823   Thumb Code    34  dflti.o(.text)
    __aeabi_cdrcmple                         0x08000845   Thumb Code    48  cdrcmple.o(.text)
    __scatterload                            0x08000875   Thumb Code    28  init.o(.text)
    __scatterload_rt2                        0x08000875   Thumb Code     0  init.o(.text)
    _dsqrt                                   0x08000899   Thumb Code   162  dsqrt.o(.text)
    AD9959_Init                              0x0800093d   Thumb Code   180  ad9959.o(i.AD9959_Init)
    AD9959_Set_Amp                           0x08000a09   Thumb Code    30  ad9959.o(i.AD9959_Set_Amp)
    AD9959_Set_Fre                           0x08000a27   Thumb Code    30  ad9959.o(i.AD9959_Set_Fre)
    AD9959_Set_Phase                         0x08000a45   Thumb Code    30  ad9959.o(i.AD9959_Set_Phase)
    AD9959_WriteData                         0x08000a65   Thumb Code   188  ad9959.o(i.AD9959_WriteData)
    BusFault_Handler                         0x08000b25   Thumb Code     2  stm32f4xx_it.o(i.BusFault_Handler)
    DebugMon_Handler                         0x08000b27   Thumb Code     2  stm32f4xx_it.o(i.DebugMon_Handler)
    Delay_5ms                                0x08000b29   Thumb Code    34  delay.o(i.Delay_5ms)
    Error_Handler                            0x08000b4b   Thumb Code     2  sys.o(i.Error_Handler)
    HAL_DAC_ConfigChannel                    0x08000b4d   Thumb Code    66  stm32f4xx_hal_dac.o(i.HAL_DAC_ConfigChannel)
    HAL_DAC_Init                             0x08000b8f   Thumb Code    40  stm32f4xx_hal_dac.o(i.HAL_DAC_Init)
    HAL_DAC_MspInit                          0x08000bb9   Thumb Code    84  dac.o(i.HAL_DAC_MspInit)
    HAL_DAC_SetValue                         0x08000c19   Thumb Code    26  stm32f4xx_hal_dac.o(i.HAL_DAC_SetValue)
    HAL_DAC_Start                            0x08000c33   Thumb Code   108  stm32f4xx_hal_dac.o(i.HAL_DAC_Start)
    HAL_DMA_Abort_IT                         0x08000c9f   Thumb Code    36  stm32f4xx_hal_dma.o(i.HAL_DMA_Abort_IT)
    HAL_GPIO_Init                            0x08000cc5   Thumb Code   394  stm32f4xx_hal_gpio.o(i.HAL_GPIO_Init)
    HAL_GPIO_ReadPin                         0x08000e7d   Thumb Code    10  stm32f4xx_hal_gpio.o(i.HAL_GPIO_ReadPin)
    HAL_GPIO_TogglePin                       0x08000e87   Thumb Code    14  stm32f4xx_hal_gpio.o(i.HAL_GPIO_TogglePin)
    HAL_GPIO_WritePin                        0x08000e95   Thumb Code    10  stm32f4xx_hal_gpio.o(i.HAL_GPIO_WritePin)
    HAL_GetTick                              0x08000ea1   Thumb Code     6  stm32f4xx_hal.o(i.HAL_GetTick)
    HAL_IncTick                              0x08000ead   Thumb Code    12  stm32f4xx_hal.o(i.HAL_IncTick)
    HAL_Init                                 0x08000ebd   Thumb Code    48  stm32f4xx_hal.o(i.HAL_Init)
    HAL_InitTick                             0x08000ef1   Thumb Code    54  stm32f4xx_hal.o(i.HAL_InitTick)
    HAL_MspInit                              0x08000f31   Thumb Code    42  stm32f4xx_hal_msp.o(i.HAL_MspInit)
    HAL_NVIC_EnableIRQ                       0x08000f61   Thumb Code    26  stm32f4xx_hal_cortex.o(i.HAL_NVIC_EnableIRQ)
    HAL_NVIC_SetPriority                     0x08000f7d   Thumb Code    60  stm32f4xx_hal_cortex.o(i.HAL_NVIC_SetPriority)
    HAL_NVIC_SetPriorityGrouping             0x08000fbd   Thumb Code    26  stm32f4xx_hal_cortex.o(i.HAL_NVIC_SetPriorityGrouping)
    HAL_RCC_ClockConfig                      0x08000fe1   Thumb Code   288  stm32f4xx_hal_rcc.o(i.HAL_RCC_ClockConfig)
    HAL_RCC_GetPCLK1Freq                     0x08001115   Thumb Code    20  stm32f4xx_hal_rcc.o(i.HAL_RCC_GetPCLK1Freq)
    HAL_RCC_GetPCLK2Freq                     0x08001135   Thumb Code    20  stm32f4xx_hal_rcc.o(i.HAL_RCC_GetPCLK2Freq)
    HAL_RCC_GetSysClockFreq                  0x08001155   Thumb Code    88  stm32f4xx_hal_rcc.o(i.HAL_RCC_GetSysClockFreq)
    HAL_RCC_OscConfig                        0x080011b5   Thumb Code   840  stm32f4xx_hal_rcc.o(i.HAL_RCC_OscConfig)
    HAL_SYSTICK_Config                       0x08001511   Thumb Code    40  stm32f4xx_hal_cortex.o(i.HAL_SYSTICK_Config)
    HAL_UART_ErrorCallback                   0x08001539   Thumb Code     2  stm32f4xx_hal_uart.o(i.HAL_UART_ErrorCallback)
    HAL_UART_IRQHandler                      0x0800153d   Thumb Code   270  stm32f4xx_hal_uart.o(i.HAL_UART_IRQHandler)
    HAL_UART_Init                            0x08001651   Thumb Code    98  stm32f4xx_hal_uart.o(i.HAL_UART_Init)
    HAL_UART_MspInit                         0x080016b5   Thumb Code   110  uart.o(i.HAL_UART_MspInit)
    HAL_UART_Receive_IT                      0x08001731   Thumb Code    82  stm32f4xx_hal_uart.o(i.HAL_UART_Receive_IT)
    HAL_UART_RxCpltCallback                  0x08001785   Thumb Code    34  screen.o(i.HAL_UART_RxCpltCallback)
    HAL_UART_Transmit                        0x080017b5   Thumb Code   186  stm32f4xx_hal_uart.o(i.HAL_UART_Transmit)
    HAL_UART_TxCpltCallback                  0x0800186f   Thumb Code     2  stm32f4xx_hal_uart.o(i.HAL_UART_TxCpltCallback)
    HardFault_Handler                        0x08001871   Thumb Code     2  stm32f4xx_it.o(i.HardFault_Handler)
    IO_Update                                0x08001875   Thumb Code    50  ad9959.o(i.IO_Update)
    IntReset                                 0x080018ad   Thumb Code    54  ad9959.o(i.IntReset)
    Intserve                                 0x080018e9   Thumb Code   138  ad9959.o(i.Intserve)
    KEY_Init                                 0x08001985   Thumb Code    90  key.o(i.KEY_Init)
    MX_DAC_Init                              0x080019ed   Thumb Code    66  dac.o(i.MX_DAC_Init)
    MX_USART1_UART_Init                      0x08001a39   Thumb Code    48  uart.o(i.MX_USART1_UART_Init)
    MemManage_Handler                        0x08001a71   Thumb Code     2  stm32f4xx_it.o(i.MemManage_Handler)
    NMI_Handler                              0x08001a73   Thumb Code     2  stm32f4xx_it.o(i.NMI_Handler)
    PendSV_Handler                           0x08001a75   Thumb Code     2  stm32f4xx_it.o(i.PendSV_Handler)
    SVC_Handler                              0x08001a77   Thumb Code     2  stm32f4xx_it.o(i.SVC_Handler)
    Signal_Init                              0x08001a79   Thumb Code    28  uart.o(i.Signal_Init)
    SysTick_Handler                          0x08001a9d   Thumb Code     4  stm32f4xx_it.o(i.SysTick_Handler)
    SystemClock_Config                       0x08001aa1   Thumb Code   122  sys.o(i.SystemClock_Config)
    SystemInit                               0x08001b25   Thumb Code    22  system_stm32f4xx.o(i.SystemInit)
    UART1_Rx_Proc                            0x08001b41   Thumb Code   380  screen.o(i.UART1_Rx_Proc)
    USART1_IRQHandler                        0x0800202d   Thumb Code     6  stm32f4xx_it.o(i.USART1_IRQHandler)
    UsageFault_Handler                       0x08002039   Thumb Code     2  stm32f4xx_it.o(i.UsageFault_Handler)
    Write_ACR                                0x0800203b   Thumb Code    32  ad9959.o(i.Write_ACR)
    Write_CFTW0                              0x0800205d   Thumb Code    70  ad9959.o(i.Write_CFTW0)
    Write_CPOW0                              0x080020a9   Thumb Code    28  ad9959.o(i.Write_CPOW0)
    __0printf$1                              0x080020c5   Thumb Code    22  printf1.o(i.__0printf$1)
    __1printf$1                              0x080020c5   Thumb Code     0  printf1.o(i.__0printf$1)
    __2printf                                0x080020c5   Thumb Code     0  printf1.o(i.__0printf$1)
    __ARM_fpclassify                         0x080020e5   Thumb Code    48  fpclassify.o(i.__ARM_fpclassify)
    __hardfp_pow                             0x08002139   Thumb Code  3072  pow.o(i.__hardfp_pow)
    __kernel_poly                            0x08002d89   Thumb Code   248  poly.o(i.__kernel_poly)
    __mathlib_dbl_divzero                    0x08002e81   Thumb Code    28  dunder.o(i.__mathlib_dbl_divzero)
    __mathlib_dbl_infnan2                    0x08002eb1   Thumb Code    20  dunder.o(i.__mathlib_dbl_infnan2)
    __mathlib_dbl_invalid                    0x08002ec9   Thumb Code    24  dunder.o(i.__mathlib_dbl_invalid)
    __mathlib_dbl_overflow                   0x08002ee9   Thumb Code    24  dunder.o(i.__mathlib_dbl_overflow)
    __mathlib_dbl_underflow                  0x08002f09   Thumb Code    24  dunder.o(i.__mathlib_dbl_underflow)
    __scatterload_copy                       0x08002f29   Thumb Code    14  handlers.o(i.__scatterload_copy)
    __scatterload_null                       0x08002f37   Thumb Code     2  handlers.o(i.__scatterload_null)
    __scatterload_zeroinit                   0x08002f39   Thumb Code    14  handlers.o(i.__scatterload_zeroinit)
    __set_errno                              0x08002f49   Thumb Code     6  errno.o(i.__set_errno)
    cw_set_amptitude                         0x080030a9   Thumb Code   282  ad9959.o(i.cw_set_amptitude)
    cw_set_frequency                         0x08003215   Thumb Code    24  ad9959.o(i.cw_set_frequency)
    dac_value_set                            0x08003231   Thumb Code    46  dac.o(i.dac_value_set)
    delay1                                   0x08003265   Thumb Code    12  ad9959.o(i.delay1)
    fabs                                     0x08003271   Thumb Code    24  fabs.o(i.fabs)
    fputc                                    0x08003289   Thumb Code    20  screen.o(i.fputc)
    init                                     0x080032a1   Thumb Code    44  main.o(i.init)
    key_proc                                 0x080032cd   Thumb Code   216  key.o(i.key_proc)
    key_scan                                 0x080033c1   Thumb Code    36  key.o(i.key_scan)
    main                                     0x080033e9   Thumb Code    34  main.o(i.main)
    mw_am_param                              0x08003415   Thumb Code    72  ad9959.o(i.mw_am_param)
    mw_set_frequency                         0x08003469   Thumb Code    24  ad9959.o(i.mw_set_frequency)
    phase_setting                            0x08003485   Thumb Code   266  ad9959.o(i.phase_setting)
    screen_Init                              0x080035b5   Thumb Code    68  main.o(i.screen_Init)
    signal_setting                           0x08003691   Thumb Code    30  main.o(i.signal_setting)
    sqrt                                     0x080036af   Thumb Code   110  sqrt.o(i.sqrt)
    AHBPrescTable                            0x0800371c   Data          16  system_stm32f4xx.o(.constdata)
    APBPrescTable                            0x0800372c   Data           8  system_stm32f4xx.o(.constdata)
    __mathlib_zero                           0x080037c0   Data           8  qnan.o(.constdata)
    Region$$Table$$Base                      0x080037c8   Number         0  anon$$obj.o(Region$$Table)
    Region$$Table$$Limit                     0x080037e8   Number         0  anon$$obj.o(Region$$Table)
    key_value                                0x20000000   Data           1  key.o(.data)
    key_old                                  0x20000001   Data           1  key.o(.data)
    key_down                                 0x20000002   Data           1  key.o(.data)
    key_up                                   0x20000003   Data           1  key.o(.data)
    tick_key                                 0x20000004   Data           4  key.o(.data)
    FR2_DATA                                 0x20000008   Data           2  ad9959.o(.data)
    FR1_DATA                                 0x2000000a   Data           3  ad9959.o(.data)
    CFR_DATA                                 0x2000000d   Data           3  ad9959.o(.data)
    amplification_param1                     0x20000010   Data           4  ad9959.o(.data)
    amplification_param2                     0x20000014   Data           4  ad9959.o(.data)
    sm_reduction_param                       0x20000018   Data           4  ad9959.o(.data)
    ACC_FRE_FACTOR                           0x20000020   Data           8  ad9959.o(.data)
    AM_Flag                                  0x20000028   Data           1  screen.o(.data)
    RxProc_Flag                              0x20000029   Data           1  screen.o(.data)
    Rx_data                                  0x2000002a   Data           2  screen.o(.data)
    uwTickFreq                               0x2000002c   Data           1  stm32f4xx_hal.o(.data)
    uwTickPrio                               0x20000030   Data           4  stm32f4xx_hal.o(.data)
    uwTick                                   0x20000034   Data           4  stm32f4xx_hal.o(.data)
    SystemCoreClock                          0x20000038   Data           4  system_stm32f4xx.o(.data)
    __stdout                                 0x2000003c   Data           4  stdout.o(.data)
    Signal                                   0x20000044   Data          16  uart.o(.bss)
    huart1                                   0x20000054   Data          64  uart.o(.bss)
    hdac                                     0x20000094   Data          20  dac.o(.bss)
    __initial_sp                             0x200004a8   Data           0  startup_stm32f407xx.o(STACK)



==============================================================================

Memory Map of the image

  Image Entry point : 0x08000189

  Load Region LR_IROM1 (Base: 0x08000000, Size: 0x0000382c, Max: 0x00100000, ABSOLUTE)

    Execution Region ER_IROM1 (Exec base: 0x08000000, Load base: 0x08000000, Size: 0x000037e8, Max: 0x00100000, ABSOLUTE)

    Exec Addr    Load Addr    Size         Type   Attr      Idx    E Section Name        Object

    0x08000000   0x08000000   0x00000188   Data   RO         3363    RESET               startup_stm32f407xx.o
    0x08000188   0x08000188   0x00000000   Code   RO         3432  * .ARM.Collect$$$$00000000  mc_w.l(entry.o)
    0x08000188   0x08000188   0x00000004   Code   RO         3767    .ARM.Collect$$$$00000001  mc_w.l(entry2.o)
    0x0800018c   0x0800018c   0x00000004   Code   RO         3770    .ARM.Collect$$$$00000004  mc_w.l(entry5.o)
    0x08000190   0x08000190   0x00000000   Code   RO         3772    .ARM.Collect$$$$00000008  mc_w.l(entry7b.o)
    0x08000190   0x08000190   0x00000000   Code   RO         3774    .ARM.Collect$$$$0000000A  mc_w.l(entry8b.o)
    0x08000190   0x08000190   0x00000008   Code   RO         3775    .ARM.Collect$$$$0000000B  mc_w.l(entry9a.o)
    0x08000198   0x08000198   0x00000000   Code   RO         3777    .ARM.Collect$$$$0000000D  mc_w.l(entry10a.o)
    0x08000198   0x08000198   0x00000000   Code   RO         3779    .ARM.Collect$$$$0000000F  mc_w.l(entry11a.o)
    0x08000198   0x08000198   0x00000004   Code   RO         3768    .ARM.Collect$$$$00002712  mc_w.l(entry2.o)
    0x0800019c   0x0800019c   0x00000024   Code   RO         3364    .text               startup_stm32f407xx.o
    0x080001c0   0x080001c0   0x00000062   Code   RO         3435    .text               mc_w.l(uldiv.o)
    0x08000222   0x08000222   0x00000024   Code   RO         3437    .text               mc_w.l(memseta.o)
    0x08000246   0x08000246   0x0000014e   Code   RO         3700    .text               mf_w.l(dadd.o)
    0x08000394   0x08000394   0x000000e4   Code   RO         3702    .text               mf_w.l(dmul.o)
    0x08000478   0x08000478   0x000000de   Code   RO         3704    .text               mf_w.l(ddiv.o)
    0x08000556   0x08000556   0x0000001a   Code   RO         3706    .text               mf_w.l(dfltui.o)
    0x08000570   0x08000570   0x0000003e   Code   RO         3708    .text               mf_w.l(dfixi.o)
    0x080005ae   0x080005ae   0x00000032   Code   RO         3710    .text               mf_w.l(dfixui.o)
    0x080005e0   0x080005e0   0x00000026   Code   RO         3712    .text               mf_w.l(f2d.o)
    0x08000606   0x08000606   0x00000038   Code   RO         3714    .text               mf_w.l(d2f.o)
    0x0800063e   0x0800063e   0x0000002c   Code   RO         3782    .text               mc_w.l(uidiv.o)
    0x0800066a   0x0800066a   0x0000001e   Code   RO         3784    .text               mc_w.l(llshl.o)
    0x08000688   0x08000688   0x00000020   Code   RO         3786    .text               mc_w.l(llushr.o)
    0x080006a8   0x080006a8   0x00000024   Code   RO         3788    .text               mc_w.l(llsshr.o)
    0x080006cc   0x080006cc   0x00000000   Code   RO         3797    .text               mc_w.l(iusefp.o)
    0x080006cc   0x080006cc   0x0000006e   Code   RO         3798    .text               mf_w.l(fepilogue.o)
    0x0800073a   0x0800073a   0x000000ba   Code   RO         3800    .text               mf_w.l(depilogue.o)
    0x080007f4   0x080007f4   0x0000002e   Code   RO         3804    .text               mf_w.l(dscalb.o)
    0x08000822   0x08000822   0x00000022   Code   RO         3806    .text               mf_w.l(dflti.o)
    0x08000844   0x08000844   0x00000030   Code   RO         3810    .text               mf_w.l(cdrcmple.o)
    0x08000874   0x08000874   0x00000024   Code   RO         3812    .text               mc_w.l(init.o)
    0x08000898   0x08000898   0x000000a2   Code   RO         3814    .text               mf_w.l(dsqrt.o)
    0x0800093a   0x0800093a   0x00000002   PAD
    0x0800093c   0x0800093c   0x000000cc   Code   RO         1036    i.AD9959_Init       ad9959.o
    0x08000a08   0x08000a08   0x0000001e   Code   RO         1044    i.AD9959_Set_Amp    ad9959.o
    0x08000a26   0x08000a26   0x0000001e   Code   RO         1045    i.AD9959_Set_Fre    ad9959.o
    0x08000a44   0x08000a44   0x0000001e   Code   RO         1046    i.AD9959_Set_Phase  ad9959.o
    0x08000a62   0x08000a62   0x00000002   PAD
    0x08000a64   0x08000a64   0x000000c0   Code   RO         1047    i.AD9959_WriteData  ad9959.o
    0x08000b24   0x08000b24   0x00000002   Code   RO          224    i.BusFault_Handler  stm32f4xx_it.o
    0x08000b26   0x08000b26   0x00000002   Code   RO          225    i.DebugMon_Handler  stm32f4xx_it.o
    0x08000b28   0x08000b28   0x00000022   Code   RO          381    i.Delay_5ms         delay.o
    0x08000b4a   0x08000b4a   0x00000002   Code   RO          305    i.Error_Handler     sys.o
    0x08000b4c   0x08000b4c   0x00000042   Code   RO         3142    i.HAL_DAC_ConfigChannel  stm32f4xx_hal_dac.o
    0x08000b8e   0x08000b8e   0x00000028   Code   RO         3152    i.HAL_DAC_Init      stm32f4xx_hal_dac.o
    0x08000bb6   0x08000bb6   0x00000002   PAD
    0x08000bb8   0x08000bb8   0x00000060   Code   RO          539    i.HAL_DAC_MspInit   dac.o
    0x08000c18   0x08000c18   0x0000001a   Code   RO         3155    i.HAL_DAC_SetValue  stm32f4xx_hal_dac.o
    0x08000c32   0x08000c32   0x0000006c   Code   RO         3156    i.HAL_DAC_Start     stm32f4xx_hal_dac.o
    0x08000c9e   0x08000c9e   0x00000024   Code   RO         1869    i.HAL_DMA_Abort_IT  stm32f4xx_hal_dma.o
    0x08000cc2   0x08000cc2   0x00000002   PAD
    0x08000cc4   0x08000cc4   0x000001b8   Code   RO         1761    i.HAL_GPIO_Init     stm32f4xx_hal_gpio.o
    0x08000e7c   0x08000e7c   0x0000000a   Code   RO         1763    i.HAL_GPIO_ReadPin  stm32f4xx_hal_gpio.o
    0x08000e86   0x08000e86   0x0000000e   Code   RO         1764    i.HAL_GPIO_TogglePin  stm32f4xx_hal_gpio.o
    0x08000e94   0x08000e94   0x0000000a   Code   RO         1765    i.HAL_GPIO_WritePin  stm32f4xx_hal_gpio.o
    0x08000e9e   0x08000e9e   0x00000002   PAD
    0x08000ea0   0x08000ea0   0x0000000c   Code   RO         2293    i.HAL_GetTick       stm32f4xx_hal.o
    0x08000eac   0x08000eac   0x00000010   Code   RO         2299    i.HAL_IncTick       stm32f4xx_hal.o
    0x08000ebc   0x08000ebc   0x00000034   Code   RO         2300    i.HAL_Init          stm32f4xx_hal.o
    0x08000ef0   0x08000ef0   0x00000040   Code   RO         2301    i.HAL_InitTick      stm32f4xx_hal.o
    0x08000f30   0x08000f30   0x00000030   Code   RO          200    i.HAL_MspInit       stm32f4xx_hal_msp.o
    0x08000f60   0x08000f60   0x0000001a   Code   RO         2150    i.HAL_NVIC_EnableIRQ  stm32f4xx_hal_cortex.o
    0x08000f7a   0x08000f7a   0x00000002   PAD
    0x08000f7c   0x08000f7c   0x00000040   Code   RO         2156    i.HAL_NVIC_SetPriority  stm32f4xx_hal_cortex.o
    0x08000fbc   0x08000fbc   0x00000024   Code   RO         2157    i.HAL_NVIC_SetPriorityGrouping  stm32f4xx_hal_cortex.o
    0x08000fe0   0x08000fe0   0x00000134   Code   RO         1407    i.HAL_RCC_ClockConfig  stm32f4xx_hal_rcc.o
    0x08001114   0x08001114   0x00000020   Code   RO         1414    i.HAL_RCC_GetPCLK1Freq  stm32f4xx_hal_rcc.o
    0x08001134   0x08001134   0x00000020   Code   RO         1415    i.HAL_RCC_GetPCLK2Freq  stm32f4xx_hal_rcc.o
    0x08001154   0x08001154   0x00000060   Code   RO         1416    i.HAL_RCC_GetSysClockFreq  stm32f4xx_hal_rcc.o
    0x080011b4   0x080011b4   0x0000035c   Code   RO         1419    i.HAL_RCC_OscConfig  stm32f4xx_hal_rcc.o
    0x08001510   0x08001510   0x00000028   Code   RO         2161    i.HAL_SYSTICK_Config  stm32f4xx_hal_cortex.o
    0x08001538   0x08001538   0x00000002   Code   RO         2559    i.HAL_UART_ErrorCallback  stm32f4xx_hal_uart.o
    0x0800153a   0x0800153a   0x00000002   PAD
    0x0800153c   0x0800153c   0x00000114   Code   RO         2562    i.HAL_UART_IRQHandler  stm32f4xx_hal_uart.o
    0x08001650   0x08001650   0x00000062   Code   RO         2563    i.HAL_UART_Init     stm32f4xx_hal_uart.o
    0x080016b2   0x080016b2   0x00000002   PAD
    0x080016b4   0x080016b4   0x0000007c   Code   RO          458    i.HAL_UART_MspInit  uart.o
    0x08001730   0x08001730   0x00000052   Code   RO         2568    i.HAL_UART_Receive_IT  stm32f4xx_hal_uart.o
    0x08001782   0x08001782   0x00000002   PAD
    0x08001784   0x08001784   0x00000030   Code   RO         1265    i.HAL_UART_RxCpltCallback  screen.o
    0x080017b4   0x080017b4   0x000000ba   Code   RO         2571    i.HAL_UART_Transmit  stm32f4xx_hal_uart.o
    0x0800186e   0x0800186e   0x00000002   Code   RO         2574    i.HAL_UART_TxCpltCallback  stm32f4xx_hal_uart.o
    0x08001870   0x08001870   0x00000002   Code   RO          226    i.HardFault_Handler  stm32f4xx_it.o
    0x08001872   0x08001872   0x00000002   PAD
    0x08001874   0x08001874   0x00000038   Code   RO         1048    i.IO_Update         ad9959.o
    0x080018ac   0x080018ac   0x0000003c   Code   RO         1049    i.IntReset          ad9959.o
    0x080018e8   0x080018e8   0x0000009c   Code   RO         1050    i.Intserve          ad9959.o
    0x08001984   0x08001984   0x00000068   Code   RO          335    i.KEY_Init          key.o
    0x080019ec   0x080019ec   0x0000004c   Code   RO          540    i.MX_DAC_Init       dac.o
    0x08001a38   0x08001a38   0x00000038   Code   RO          459    i.MX_USART1_UART_Init  uart.o
    0x08001a70   0x08001a70   0x00000002   Code   RO          227    i.MemManage_Handler  stm32f4xx_it.o
    0x08001a72   0x08001a72   0x00000002   Code   RO          228    i.NMI_Handler       stm32f4xx_it.o
    0x08001a74   0x08001a74   0x00000002   Code   RO          229    i.PendSV_Handler    stm32f4xx_it.o
    0x08001a76   0x08001a76   0x00000002   Code   RO          230    i.SVC_Handler       stm32f4xx_it.o
    0x08001a78   0x08001a78   0x00000024   Code   RO          460    i.Signal_Init       uart.o
    0x08001a9c   0x08001a9c   0x00000004   Code   RO          231    i.SysTick_Handler   stm32f4xx_it.o
    0x08001aa0   0x08001aa0   0x00000084   Code   RO          306    i.SystemClock_Config  sys.o
    0x08001b24   0x08001b24   0x0000001c   Code   RO         3372    i.SystemInit        system_stm32f4xx.o
    0x08001b40   0x08001b40   0x00000238   Code   RO         1266    i.UART1_Rx_Proc     screen.o
    0x08001d78   0x08001d78   0x00000010   Code   RO         2576    i.UART_DMAAbortOnError  stm32f4xx_hal_uart.o
    0x08001d88   0x08001d88   0x0000001c   Code   RO         2586    i.UART_EndRxTransfer  stm32f4xx_hal_uart.o
    0x08001da4   0x08001da4   0x00000096   Code   RO         2588    i.UART_Receive_IT   stm32f4xx_hal_uart.o
    0x08001e3a   0x08001e3a   0x00000002   PAD
    0x08001e3c   0x08001e3c   0x00000128   Code   RO         2589    i.UART_SetConfig    stm32f4xx_hal_uart.o
    0x08001f64   0x08001f64   0x00000062   Code   RO         2590    i.UART_Transmit_IT  stm32f4xx_hal_uart.o
    0x08001fc6   0x08001fc6   0x00000064   Code   RO         2591    i.UART_WaitOnFlagUntilTimeout  stm32f4xx_hal_uart.o
    0x0800202a   0x0800202a   0x00000002   PAD
    0x0800202c   0x0800202c   0x0000000c   Code   RO          232    i.USART1_IRQHandler  stm32f4xx_it.o
    0x08002038   0x08002038   0x00000002   Code   RO          233    i.UsageFault_Handler  stm32f4xx_it.o
    0x0800203a   0x0800203a   0x00000020   Code   RO         1051    i.Write_ACR         ad9959.o
    0x0800205a   0x0800205a   0x00000002   PAD
    0x0800205c   0x0800205c   0x0000004c   Code   RO         1052    i.Write_CFTW0       ad9959.o
    0x080020a8   0x080020a8   0x0000001c   Code   RO         1053    i.Write_CPOW0       ad9959.o
    0x080020c4   0x080020c4   0x00000020   Code   RO         3484    i.__0printf$1       mc_w.l(printf1.o)
    0x080020e4   0x080020e4   0x00000030   Code   RO         3739    i.__ARM_fpclassify  m_wm.l(fpclassify.o)
    0x08002114   0x08002114   0x00000020   Code   RO         2163    i.__NVIC_SetPriority  stm32f4xx_hal_cortex.o
    0x08002134   0x08002134   0x00000004   PAD
    0x08002138   0x08002138   0x00000c50   Code   RO         3418    i.__hardfp_pow      m_wm.l(pow.o)
    0x08002d88   0x08002d88   0x000000f8   Code   RO         3741    i.__kernel_poly     m_wm.l(poly.o)
    0x08002e80   0x08002e80   0x00000030   Code   RO         3719    i.__mathlib_dbl_divzero  m_wm.l(dunder.o)
    0x08002eb0   0x08002eb0   0x00000014   Code   RO         3721    i.__mathlib_dbl_infnan2  m_wm.l(dunder.o)
    0x08002ec4   0x08002ec4   0x00000004   PAD
    0x08002ec8   0x08002ec8   0x00000020   Code   RO         3722    i.__mathlib_dbl_invalid  m_wm.l(dunder.o)
    0x08002ee8   0x08002ee8   0x00000020   Code   RO         3723    i.__mathlib_dbl_overflow  m_wm.l(dunder.o)
    0x08002f08   0x08002f08   0x00000020   Code   RO         3725    i.__mathlib_dbl_underflow  m_wm.l(dunder.o)
    0x08002f28   0x08002f28   0x0000000e   Code   RO         3820    i.__scatterload_copy  mc_w.l(handlers.o)
    0x08002f36   0x08002f36   0x00000002   Code   RO         3821    i.__scatterload_null  mc_w.l(handlers.o)
    0x08002f38   0x08002f38   0x0000000e   Code   RO         3822    i.__scatterload_zeroinit  mc_w.l(handlers.o)
    0x08002f46   0x08002f46   0x00000002   PAD
    0x08002f48   0x08002f48   0x0000000c   Code   RO         3792    i.__set_errno       mc_w.l(errno.o)
    0x08002f54   0x08002f54   0x00000154   Code   RO         3491    i._printf_core      mc_w.l(printf1.o)
    0x080030a8   0x080030a8   0x0000016c   Code   RO         1060    i.cw_set_amptitude  ad9959.o
    0x08003214   0x08003214   0x0000001c   Code   RO         1061    i.cw_set_frequency  ad9959.o
    0x08003230   0x08003230   0x00000034   Code   RO          541    i.dac_value_set     dac.o
    0x08003264   0x08003264   0x0000000c   Code   RO         1062    i.delay1            ad9959.o
    0x08003270   0x08003270   0x00000018   Code   RO         3735    i.fabs              m_wm.l(fabs.o)
    0x08003288   0x08003288   0x00000018   Code   RO         1267    i.fputc             screen.o
    0x080032a0   0x080032a0   0x0000002c   Code   RO            4    i.init              main.o
    0x080032cc   0x080032cc   0x000000f4   Code   RO          336    i.key_proc          key.o
    0x080033c0   0x080033c0   0x00000028   Code   RO          337    i.key_scan          key.o
    0x080033e8   0x080033e8   0x0000002c   Code   RO            5    i.main              main.o
    0x08003414   0x08003414   0x00000054   Code   RO         1063    i.mw_am_param       ad9959.o
    0x08003468   0x08003468   0x0000001c   Code   RO         1064    i.mw_set_frequency  ad9959.o
    0x08003484   0x08003484   0x00000130   Code   RO         1065    i.phase_setting     ad9959.o
    0x080035b4   0x080035b4   0x000000dc   Code   RO            6    i.screen_Init       main.o
    0x08003690   0x08003690   0x0000001e   Code   RO            7    i.signal_setting    main.o
    0x080036ae   0x080036ae   0x0000006e   Code   RO         3757    i.sqrt              m_wm.l(sqrt.o)
    0x0800371c   0x0800371c   0x00000010   Data   RO         3373    .constdata          system_stm32f4xx.o
    0x0800372c   0x0800372c   0x00000008   Data   RO         3374    .constdata          system_stm32f4xx.o
    0x08003734   0x08003734   0x00000004   PAD
    0x08003738   0x08003738   0x00000088   Data   RO         3421    .constdata          m_wm.l(pow.o)
    0x080037c0   0x080037c0   0x00000008   Data   RO         3743    .constdata          m_wm.l(qnan.o)
    0x080037c8   0x080037c8   0x00000020   Data   RO         3818    Region$$Table       anon$$obj.o


    Execution Region RW_IRAM2 (Exec base: 0x10000000, Load base: 0x0800382c, Size: 0x00000000, Max: 0x00010000, ABSOLUTE)

    **** No section assigned to this execution region ****


    Execution Region RW_IRAM1 (Exec base: 0x20000000, Load base: 0x080037e8, Size: 0x000004a8, Max: 0x00020000, ABSOLUTE)

    Exec Addr    Load Addr    Size         Type   Attr      Idx    E Section Name        Object

    0x20000000   0x080037e8   0x00000008   Data   RW          338    .data               key.o
    0x20000008   0x080037f0   0x00000020   Data   RW         1066    .data               ad9959.o
    0x20000028   0x08003810   0x00000004   Data   RW         1268    .data               screen.o
    0x2000002c   0x08003814   0x0000000c   Data   RW         2307    .data               stm32f4xx_hal.o
    0x20000038   0x08003820   0x00000004   Data   RW         3375    .data               system_stm32f4xx.o
    0x2000003c   0x08003824   0x00000004   Data   RW         3781    .data               mc_w.l(stdout.o)
    0x20000040   0x08003828   0x00000004   Data   RW         3793    .data               mc_w.l(errno.o)
    0x20000044        -       0x00000050   Zero   RW          461    .bss                uart.o
    0x20000094        -       0x00000014   Zero   RW          542    .bss                dac.o
    0x200000a8        -       0x00000400   Zero   RW         3361    STACK               startup_stm32f407xx.o


==============================================================================

Image component sizes


      Code (inc. data)   RO Data    RW Data    ZI Data      Debug   Object Name

      1714        204          0         32          0      11406   ad9959.o
       224         28          0          0         20       2143   dac.o
        34          0          0          0          0        536   delay.o
       388         46          0          8          0       2426   key.o
       338        162          0          0          0     662585   main.o
       640        220          0          4          0       2600   screen.o
        36          8        392          0       1024        800   startup_stm32f407xx.o
       144         24          0         12          0       9253   stm32f4xx_hal.o
       198         14          0          0          0      34587   stm32f4xx_hal_cortex.o
       240          0          0          0          0       3898   stm32f4xx_hal_dac.o
        36          0          0          0          0       1407   stm32f4xx_hal_dma.o
       474         46          0          0          0       4076   stm32f4xx_hal_gpio.o
        48          6          0          0          0        858   stm32f4xx_hal_msp.o
      1328         72          0          0          0       5704   stm32f4xx_hal_rcc.o
         0          0          0          0          0     654708   stm32f4xx_hal_tim.o
      1334         16          0          0          0      10739   stm32f4xx_hal_uart.o
        32          6          0          0          0       4614   stm32f4xx_it.o
       134         10          0          0          0       1389   sys.o
        28          6         24          4          0       1203   system_stm32f4xx.o
       216         30          0          0         80       2571   uart.o

    ----------------------------------------------------------------------
      7614        898        452         60       1124    1417503   Object Totals
         0          0         32          0          0          0   (incl. Generated)
        28          0          4          0          0          0   (incl. Padding)

    ----------------------------------------------------------------------

      Code (inc. data)   RO Data    RW Data    ZI Data      Debug   Library Member Name

       164         44          0          0          0        620   dunder.o
        24          0          0          0          0        124   fabs.o
        48          0          0          0          0        124   fpclassify.o
       248          0          0          0          0        152   poly.o
      3152        296        136          0          0        352   pow.o
         0          0          8          0          0          0   qnan.o
       110          0          0          0          0        148   sqrt.o
         0          0          0          0          0          0   entry.o
         0          0          0          0          0          0   entry10a.o
         0          0          0          0          0          0   entry11a.o
         8          4          0          0          0          0   entry2.o
         4          0          0          0          0          0   entry5.o
         0          0          0          0          0          0   entry7b.o
         0          0          0          0          0          0   entry8b.o
         8          4          0          0          0          0   entry9a.o
        12          6          0          4          0         68   errno.o
        30          0          0          0          0          0   handlers.o
        36          8          0          0          0         68   init.o
         0          0          0          0          0          0   iusefp.o
        30          0          0          0          0         68   llshl.o
        36          0          0          0          0         68   llsshr.o
        32          0          0          0          0         68   llushr.o
        36          0          0          0          0        108   memseta.o
       372         14          0          0          0        184   printf1.o
         0          0          0          4          0          0   stdout.o
        44          0          0          0          0         80   uidiv.o
        98          0          0          0          0         92   uldiv.o
        48          0          0          0          0         68   cdrcmple.o
        56          0          0          0          0         88   d2f.o
       334          0          0          0          0        148   dadd.o
       222          0          0          0          0        100   ddiv.o
       186          0          0          0          0        176   depilogue.o
        62          0          0          0          0         80   dfixi.o
        50          0          0          0          0         76   dfixui.o
        34          0          0          0          0         76   dflti.o
        26          0          0          0          0         76   dfltui.o
       228          0          0          0          0         96   dmul.o
        46          0          0          0          0         80   dscalb.o
       162          0          0          0          0        100   dsqrt.o
        38          0          0          0          0         68   f2d.o
       110          0          0          0          0        168   fepilogue.o

    ----------------------------------------------------------------------
      6102        376        144          8          0       3724   Library Totals
         8          0          0          0          0          0   (incl. Padding)

    ----------------------------------------------------------------------

      Code (inc. data)   RO Data    RW Data    ZI Data      Debug   Library Name

      3746        340        144          0          0       1520   m_wm.l
       746         36          0          8          0        804   mc_w.l
      1602          0          0          0          0       1400   mf_w.l

    ----------------------------------------------------------------------
      6102        376        144          8          0       3724   Library Totals

    ----------------------------------------------------------------------

==============================================================================


      Code (inc. data)   RO Data    RW Data    ZI Data      Debug   

     13716       1274        596         68       1124    1411739   Grand Totals
     13716       1274        596         68       1124    1411739   ELF Image Totals
     13716       1274        596         68          0          0   ROM Totals

==============================================================================

    Total RO  Size (Code + RO Data)                14312 (  13.98kB)
    Total RW  Size (RW Data + ZI Data)              1192 (   1.16kB)
    Total ROM Size (Code + RO Data + RW Data)      14380 (  14.04kB)

==============================================================================

